Component: ARM Compiler 5.06 update 7 (build 960) Tool: armlink [4d3601]

==============================================================================

Section Cross References

    startup_stm32f103xb.o(RESET) refers to startup_stm32f103xb.o(STACK) for __initial_sp
    startup_stm32f103xb.o(RESET) refers to startup_stm32f103xb.o(.text) for Reset_Handler
    startup_stm32f103xb.o(RESET) refers to stm32f1xx_it.o(i.NMI_Handler) for NMI_Handler
    startup_stm32f103xb.o(RESET) refers to stm32f1xx_it.o(i.HardFault_Handler) for HardFault_Handler
    startup_stm32f103xb.o(RESET) refers to stm32f1xx_it.o(i.MemManage_Handler) for MemManage_Handler
    startup_stm32f103xb.o(RESET) refers to stm32f1xx_it.o(i.BusFault_Handler) for BusFault_Handler
    startup_stm32f103xb.o(RESET) refers to stm32f1xx_it.o(i.UsageFault_Handler) for UsageFault_Handler
    startup_stm32f103xb.o(RESET) refers to stm32f1xx_it.o(i.SVC_Handler) for SVC_Handler
    startup_stm32f103xb.o(RESET) refers to stm32f1xx_it.o(i.DebugMon_Handler) for DebugMon_Handler
    startup_stm32f103xb.o(RESET) refers to stm32f1xx_it.o(i.PendSV_Handler) for PendSV_Handler
    startup_stm32f103xb.o(RESET) refers to bsp_timer.o(i.SysTick_Handler) for SysTick_Handler
    startup_stm32f103xb.o(RESET) refers to bsp_timer.o(i.TIM2_IRQHandler) for TIM2_IRQHandler
    startup_stm32f103xb.o(RESET) refers to stm32f1xx_it.o(i.TIM4_IRQHandler) for TIM4_IRQHandler
    startup_stm32f103xb.o(RESET) refers to bsp_uart_fifo.o(i.USART1_IRQHandler) for USART1_IRQHandler
    startup_stm32f103xb.o(RESET) refers to bsp_uart_fifo.o(i.USART2_IRQHandler) for USART2_IRQHandler
    startup_stm32f103xb.o(.text) refers to system_stm32f1xx.o(i.SystemInit) for SystemInit
    startup_stm32f103xb.o(.text) refers to entry.o(.ARM.Collect$$$$00000000) for __main
    main.o(i.main) refers to bsp.o(i.bsp_Init) for bsp_Init
    main.o(i.main) refers to bsp_timer.o(i.bsp_StartAutoTimer) for bsp_StartAutoTimer
    main.o(i.main) refers to bsp_uart_esp8266.o(i.ESP8266_Poll) for ESP8266_Poll
    main.o(i.main) refers to bsp_timer.o(i.bsp_CheckTimer) for bsp_CheckTimer
    main.o(i.main) refers to driver_dht11.o(i.DHT11_Read) for DHT11_Read
    main.o(i.main) refers to printfa.o(i.__0printf) for __2printf
    main.o(i.main) refers to driver_dht11.o(i.DHT11_Init) for DHT11_Init
    main.o(i.main) refers to driver_light_sensor.o(i.LightSensor_Read) for LightSensor_Read
    main.o(i.main) refers to driver_lcd.o(i.LCD_PrintString) for LCD_PrintString
    main.o(i.main) refers to driver_lcd.o(i.LCD_PrintSignedVal) for LCD_PrintSignedVal
    main.o(i.main) refers to driver_lcd.o(i.LCD_PutChar) for LCD_PutChar
    main.o(i.main) refers to ffixi.o(.text) for __aeabi_f2iz
    main.o(i.main) refers to f2d.o(.text) for __aeabi_f2d
    main.o(i.main) refers to printfa.o(i.__0sprintf) for __2sprintf
    main.o(i.main) refers to bsp_uart_esp8266.o(i.ESP8266_SendAT) for ESP8266_SendAT
    main.o(i.main) refers to main.o(.data) for .data
    main.o(i.main) refers to bsp_uart_esp8266.o(.data) for topicdevpub
    main.o(i.main) refers to main.o(.conststring) for .conststring
    main.o(i.main) refers to main.o(.bss) for .bss
    gpio.o(i.MX_GPIO_Init) refers to stm32f1xx_hal_gpio.o(i.HAL_GPIO_Init) for HAL_GPIO_Init
    tim.o(i.HAL_TIM_MspPostInit) refers to stm32f1xx_hal_gpio.o(i.HAL_GPIO_Init) for HAL_GPIO_Init
    tim.o(i.MX_TIM1_Init) refers to memseta.o(.text) for __aeabi_memclr4
    tim.o(i.MX_TIM1_Init) refers to stm32f1xx_hal_tim.o(i.HAL_TIM_PWM_Init) for HAL_TIM_PWM_Init
    tim.o(i.MX_TIM1_Init) refers to bsp.o(i.Error_Handler) for Error_Handler
    tim.o(i.MX_TIM1_Init) refers to stm32f1xx_hal_tim_ex.o(i.HAL_TIMEx_MasterConfigSynchronization) for HAL_TIMEx_MasterConfigSynchronization
    tim.o(i.MX_TIM1_Init) refers to stm32f1xx_hal_tim.o(i.HAL_TIM_PWM_ConfigChannel) for HAL_TIM_PWM_ConfigChannel
    tim.o(i.MX_TIM1_Init) refers to stm32f1xx_hal_tim_ex.o(i.HAL_TIMEx_ConfigBreakDeadTime) for HAL_TIMEx_ConfigBreakDeadTime
    tim.o(i.MX_TIM1_Init) refers to tim.o(i.HAL_TIM_MspPostInit) for HAL_TIM_MspPostInit
    tim.o(i.MX_TIM1_Init) refers to tim.o(.bss) for .bss
    stm32f1xx_it.o(i.TIM4_IRQHandler) refers to stm32f1xx_hal_tim.o(i.HAL_TIM_IRQHandler) for HAL_TIM_IRQHandler
    stm32f1xx_it.o(i.TIM4_IRQHandler) refers to stm32f1xx_hal_timebase_tim.o(.bss) for htim4
    stm32f1xx_hal_timebase_tim.o(i.HAL_InitTick) refers to stm32f1xx_hal_rcc.o(i.HAL_RCC_GetClockConfig) for HAL_RCC_GetClockConfig
    stm32f1xx_hal_timebase_tim.o(i.HAL_InitTick) refers to stm32f1xx_hal_rcc.o(i.HAL_RCC_GetPCLK1Freq) for HAL_RCC_GetPCLK1Freq
    stm32f1xx_hal_timebase_tim.o(i.HAL_InitTick) refers to stm32f1xx_hal_tim.o(i.HAL_TIM_Base_Init) for HAL_TIM_Base_Init
    stm32f1xx_hal_timebase_tim.o(i.HAL_InitTick) refers to stm32f1xx_hal_tim.o(i.HAL_TIM_Base_Start_IT) for HAL_TIM_Base_Start_IT
    stm32f1xx_hal_timebase_tim.o(i.HAL_InitTick) refers to stm32f1xx_hal_cortex.o(i.HAL_NVIC_EnableIRQ) for HAL_NVIC_EnableIRQ
[...]
    i.MX_ADC1_Init                           0x08002d00   Section        0  adc.o(i.MX_ADC1_Init)
    i.MX_GPIO_Init                           0x08002d50   Section        0  gpio.o(i.MX_GPIO_Init)
    i.MX_I2C1_Init                           0x08002d98   Section        0  i2c.o(i.MX_I2C1_Init)
    i.MX_TIM1_Init                           0x08002dd8   Section        0  tim.o(i.MX_TIM1_Init)
    i.MemManage_Handler                      0x08002e80   Section        0  stm32f1xx_it.o(i.MemManage_Handler)
    i.NMI_Handler                            0x08002e82   Section        0  stm32f1xx_it.o(i.NMI_Handler)
    i.OLED_Clear                             0x08002e84   Section        0  driver_oled.o(i.OLED_Clear)
    i.OLED_Init                              0x08002eb0   Section        0  driver_oled.o(i.OLED_Init)
    i.OLED_PrintChinese                      0x08002f44   Section        0  driver_oled.o(i.OLED_PrintChinese)
    i.OLED_PrintSignedVal                    0x08002f98   Section        0  driver_oled.o(i.OLED_PrintSignedVal)
    i.OLED_PrintString                       0x08003016   Section        0  driver_oled.o(i.OLED_PrintString)
    i.OLED_PutChar                           0x08003048   Section        0  driver_oled.o(i.OLED_PutChar)
    i.OLED_SetComConfig                      0x08003090   Section        0  driver_oled.o(i.OLED_SetComConfig)
    OLED_SetComConfig                        0x08003091   Thumb Code    44  driver_oled.o(i.OLED_SetComConfig)
    i.OLED_SetPosition                       0x080030bc   Section        0  driver_oled.o(i.OLED_SetPosition)
    i.OLED_WriteCmd                          0x080030fc   Section        0  driver_oled.o(i.OLED_WriteCmd)
    OLED_WriteCmd                            0x080030fd   Thumb Code    34  driver_oled.o(i.OLED_WriteCmd)
    i.OLED_WriteNBytes                       0x08003124   Section        0  driver_oled.o(i.OLED_WriteNBytes)
    OLED_WriteNBytes                         0x08003125   Thumb Code    26  driver_oled.o(i.OLED_WriteNBytes)
    i.PassiveBuzzer_Control                  0x08003144   Section        0  driver_passive_buzzer.o(i.PassiveBuzzer_Control)
    i.PendSV_Handler                         0x0800315c   Section        0  stm32f1xx_it.o(i.PendSV_Handler)
    i.SVC_Handler                            0x0800315e   Section        0  stm32f1xx_it.o(i.SVC_Handler)
    i.SysTick_Handler                        0x08003160   Section        0  bsp_timer.o(i.SysTick_Handler)
    i.SysTick_ISR                            0x0800317c   Section        0  bsp_timer.o(i.SysTick_ISR)
    i.SystemClock_Config                     0x080031f4   Section        0  bsp.o(i.SystemClock_Config)
    SystemClock_Config                       0x080031f5   Thumb Code    94  bsp.o(i.SystemClock_Config)
    i.SystemInit                             0x08003252   Section        0  system_stm32f1xx.o(i.SystemInit)
    i.TIM2_IRQHandler                        0x08003254   Section        0  bsp_timer.o(i.TIM2_IRQHandler)
    i.TIM4_IRQHandler                        0x080032e8   Section        0  stm32f1xx_it.o(i.TIM4_IRQHandler)
    i.TIM_Base_SetConfig                     0x080032f4   Section        0  stm32f1xx_hal_tim.o(i.TIM_Base_SetConfig)
    i.TIM_CCxChannelCmd                      0x08003360   Section        0  stm32f1xx_hal_tim.o(i.TIM_CCxChannelCmd)
    i.TIM_OC1_SetConfig                      0x0800337c   Section        0  stm32f1xx_hal_tim.o(i.TIM_OC1_SetConfig)
    TIM_OC1_SetConfig                        0x0800337d   Thumb Code    74  stm32f1xx_hal_tim.o(i.TIM_OC1_SetConfig)
    i.TIM_OC2_SetConfig                      0x080033cc   Section        0  stm32f1xx_hal_tim.o(i.TIM_OC2_SetConfig)
    i.TIM_OC3_SetConfig                      0x08003424   Section        0  stm32f1xx_hal_tim.o(i.TIM_OC3_SetConfig)
    TIM_OC3_SetConfig                        0x08003425   Thumb Code    82  stm32f1xx_hal_tim.o(i.TIM_OC3_SetConfig)
    i.TIM_OC4_SetConfig                      0x0800347c   Section        0  stm32f1xx_hal_tim.o(i.TIM_OC4_SetConfig)
    TIM_OC4_SetConfig                        0x0800347d   Thumb Code    64  stm32f1xx_hal_tim.o(i.TIM_OC4_SetConfig)
    i.UART_SetConfig                         0x080034c0   Section        0  stm32f1xx_hal_uart.o(i.UART_SetConfig)
    UART_SetConfig                           0x080034c1   Thumb Code   178  stm32f1xx_hal_uart.o(i.UART_SetConfig)
    i.USART1_IRQHandler                      0x08003578   Section        0  bsp_uart_fifo.o(i.USART1_IRQHandler)
    i.USART2_IRQHandler                      0x08003584   Section        0  bsp_uart_fifo.o(i.USART2_IRQHandler)
    i.UartIRQ                                0x08003590   Section        0  bsp_uart_fifo.o(i.UartIRQ)
    UartIRQ                                  0x08003591   Thumb Code   208  bsp_uart_fifo.o(i.UartIRQ)
    i.UartSend                               0x08003660   Section        0  bsp_uart_fifo.o(i.UartSend)
    UartSend                                 0x08003661   Thumb Code   124  bsp_uart_fifo.o(i.UartSend)
    i.UartVarInit                            0x080036dc   Section        0  bsp_uart_fifo.o(i.UartVarInit)
    UartVarInit                              0x080036dd   Thumb Code    98  bsp_uart_fifo.o(i.UartVarInit)
    i.UsageFault_Handler                     0x08003754   Section        0  stm32f1xx_it.o(i.UsageFault_Handler)
    i.__0printf                              0x08003758   Section        0  printfa.o(i.__0printf)
    i.__0sprintf                             0x08003778   Section        0  printfa.o(i.__0sprintf)
    i.__ARM_fpclassify                       0x080037a0   Section        0  fpclassify.o(i.__ARM_fpclassify)
    i.__NVIC_SetPriority                     0x080037c8   Section        0  stm32f1xx_hal_cortex.o(i.__NVIC_SetPriority)
    __NVIC_SetPriority                       0x080037c9   Thumb Code    32  stm32f1xx_hal_cortex.o(i.__NVIC_SetPriority)
    i.__kernel_poly                          0x080037e8   Section        0  poly.o(i.__kernel_poly)
    i.__mathlib_dbl_divzero                  0x08003894   Section        0  dunder.o(i.__mathlib_dbl_divzero)
    i.__mathlib_dbl_infnan2                  0x080038a4   Section        0  dunder.o(i.__mathlib_dbl_infnan2)
    i.__mathlib_dbl_invalid                  0x080038a8   Section        0  dunder.o(i.__mathlib_dbl_invalid)
    i.__mathlib_dbl_overflow                 0x080038b4   Section        0  dunder.o(i.__mathlib_dbl_overflow)
    i.__mathlib_dbl_underflow                0x080038c4   Section        0  dunder.o(i.__mathlib_dbl_underflow)
    i.__scatterload_copy                     0x080038d4   Section       14  handlers.o(i.__scatterload_copy)
    i.__scatterload_null                     0x080038e2   Section        2  handlers.o(i.__scatterload_null)
    i.__scatterload_zeroinit                 0x080038e4   Section       14  handlers.o(i.__scatterload_zeroinit)
    i.__set_errno                            0x080038f4   Section        0  errno.o(i.__set_errno)
    i._fp_digits                             0x08003900   Section        0  printfa.o(i._fp_digits)
    _fp_digits                               0x08003901   Thumb Code   366  printfa.o(i._fp_digits)
    i._printf_core                           0x08003a84   Section        0  printfa.o(i._printf_core)
    _printf_core                             0x08003a85   Thumb Code  1704  printfa.o(i._printf_core)
    i._printf_post_padding                   0x08004138   Section        0  printfa.o(i._printf_post_padding)
    _printf_post_padding                     0x08004139   Thumb Code    36  printfa.o(i._printf_post_padding)
    i._printf_pre_padding                    0x0800415c   Section        0  printfa.o(i._printf_pre_padding)
    _printf_pre_padding                      0x0800415d   Thumb Code    46  printfa.o(i._printf_pre_padding)
    i._sputc                                 0x0800418a   Section        0  printfa.o(i._sputc)
    _sputc                                   0x0800418b   Thumb Code    10  printfa.o(i._sputc)
    i.bsp_CheckTimer                         0x08004194   Section        0  bsp_timer.o(i.bsp_CheckTimer)
    i.bsp_DelayMS                            0x080041b8   Section        0  bsp_timer.o(i.bsp_DelayMS)
    i.bsp_DelayUS                            0x080041e8   Section        0  bsp_timer.o(i.bsp_DelayUS)
    i.bsp_Idle                               0x08004228   Section        0  bsp.o(i.bsp_Idle)
    i.bsp_Init                               0x0800422a   Section        0  bsp.o(i.bsp_Init)
    i.bsp_InitESP8266                        0x08004270   Section        0  bsp_uart_esp8266.o(i.bsp_InitESP8266)
    i.bsp_InitESP8266MQTT                    0x0800427c   Section        0  bsp_uart_esp8266.o(i.bsp_InitESP8266MQTT)
    i.bsp_InitHardTimer                      0x08004758   Section        0  bsp_timer.o(i.bsp_InitHardTimer)
    i.bsp_InitTimer                          0x080047d4   Section        0  bsp_timer.o(i.bsp_InitTimer)
    i.bsp_InitUart                           0x0800483c   Section        0  bsp_uart_fifo.o(i.bsp_InitUart)
    i.bsp_RunPer10ms                         0x0800484a   Section        0  bsp.o(i.bsp_RunPer10ms)
    i.bsp_RunPer1ms                          0x0800484c   Section        0  bsp.o(i.bsp_RunPer1ms)
    i.bsp_SetUartParam                       0x0800484e   Section        0  bsp_uart_fifo.o(i.bsp_SetUartParam)
    i.bsp_StartAutoTimer                     0x08004878   Section        0  bsp_timer.o(i.bsp_StartAutoTimer)
    i.bsp_StartHardTimer                     0x080048f8   Section        0  bsp_timer.o(i.bsp_StartHardTimer)
    i.bsp_StartTimer                         0x08004964   Section        0  bsp_timer.o(i.bsp_StartTimer)
    i.cJSON_Delete                           0x080049e0   Section        0  cjson.o(i.cJSON_Delete)
    i.cJSON_GetObjectItem                    0x08004a28   Section        0  cjson.o(i.cJSON_GetObjectItem)
    i.cJSON_New_Item                         0x08004a44   Section        0  cjson.o(i.cJSON_New_Item)
    cJSON_New_Item                           0x08004a45   Thumb Code    24  cjson.o(i.cJSON_New_Item)
    i.cJSON_Parse                            0x08004a60   Section        0  cjson.o(i.cJSON_Parse)
    i.cJSON_ParseWithOpts                    0x08004a68   Section        0  cjson.o(i.cJSON_ParseWithOpts)
    i.cJSON_strcasecmp                       0x08004ac8   Section        0  cjson.o(i.cJSON_strcasecmp)
    cJSON_strcasecmp                         0x08004ac9   Thumb Code    66  cjson.o(i.cJSON_strcasecmp)
    i.comGetChar                             0x08004b0a   Section        0  bsp_uart_fifo.o(i.comGetChar)
    i.comSendBuf                             0x08004b58   Section        0  bsp_uart_fifo.o(i.comSendBuf)
    i.comSendChar                            0x08004b7c   Section        0  bsp_uart_fifo.o(i.comSendChar)
    i.comSetBaud                             0x08004b88   Section        0  bsp_uart_fifo.o(i.comSetBaud)
    i.fputc                                  0x08004ba0   Section        0  bsp_uart_fifo.o(i.fputc)
    i.free                                   0x08004bb0   Section        0  malloc.o(i.free)
    i.main                                   0x08004c00   Section        0  main.o(i.main)
    i.malloc                                 0x08004d18   Section        0  malloc.o(i.malloc)
    i.my_strnchr                             0x08004d84   Section        0  bsp_uart_esp8266.o(i.my_strnchr)
    i.parse_array                            0x08004da8   Section        0  cjson.o(i.parse_array)
    parse_array                              0x08004da9   Thumb Code   114  cjson.o(i.parse_array)
    i.parse_hex4                             0x08004e20   Section        0  cjson.o(i.parse_hex4)
    parse_hex4                               0x08004e21   Thumb Code   166  cjson.o(i.parse_hex4)
    i.parse_number                           0x08004ec8   Section        0  cjson.o(i.parse_number)
    parse_number                             0x08004ec9   Thumb Code   332  cjson.o(i.parse_number)
    i.parse_object                           0x08005020   Section        0  cjson.o(i.parse_object)
    parse_object                             0x08005021   Thumb Code   180  cjson.o(i.parse_object)
    i.parse_string                           0x080050d8   Section        0  cjson.o(i.parse_string)
    parse_string                             0x080050d9   Thumb Code   374  cjson.o(i.parse_string)
    i.parse_value                            0x08005258   Section        0  cjson.o(i.parse_value)
    parse_value                              0x08005259   Thumb Code   152  cjson.o(i.parse_value)
    i.pow                                    0x0800530c   Section        0  pow.o(i.pow)
    i.skip                                   0x08005ce4   Section        0  cjson.o(i.skip)
    skip                                     0x08005ce5   Thumb Code    20  cjson.o(i.skip)
    i.sqrt                                   0x08005cf8   Section        0  sqrt.o(i.sqrt)
    .constdata                               0x08005d44   Section       18  stm32f1xx_hal_rcc.o(.constdata)
    aPredivFactorTable                       0x08005d44   Data           2  stm32f1xx_hal_rcc.o(.constdata)
    aPLLMULFactorTable                       0x08005d46   Data          16  stm32f1xx_hal_rcc.o(.constdata)
    .constdata                               0x08005d56   Section       18  stm32f1xx_hal_rcc_ex.o(.constdata)
    aPredivFactorTable                       0x08005d56   Data           2  stm32f1xx_hal_rcc_ex.o(.constdata)
    aPLLMULFactorTable                       0x08005d58   Data          16  stm32f1xx_hal_rcc_ex.o(.constdata)
    .constdata                               0x08005d68   Section       16  system_stm32f1xx.o(.constdata)
    .constdata                               0x08005d78   Section        8  system_stm32f1xx.o(.constdata)
    .constdata                               0x08005d80   Section       48  bsp_timer.o(.constdata)
    __FUNCTION__                             0x08005d80   Data          15  bsp_timer.o(.constdata)
    __FUNCTION__                             0x08005d8f   Data          19  bsp_timer.o(.constdata)
    __FUNCTION__                             0x08005da2   Data          14  bsp_timer.o(.constdata)
    .constdata                               0x08005db0   Section     2048  driver_oled.o(.constdata)
    .constdata                               0x080065b0   Section        7  cjson.o(.constdata)
    firstByteMark                            0x080065b0   Data           7  cjson.o(.constdata)
    .constdata                               0x080065b8   Section      136  pow.o(.constdata)
    bp                                       0x080065b8   Data          16  pow.o(.constdata)
    dp_h                                     0x080065c8   Data          16  pow.o(.constdata)
    dp_l                                     0x080065d8   Data          16  pow.o(.constdata)
    L                                        0x080065e8   Data          48  pow.o(.constdata)
    P                                        0x08006618   Data          40  pow.o(.constdata)
    .constdata                               0x08006640   Section        8  qnan.o(.constdata)
    .conststring                             0x08006648   Section       66  main.o(.conststring)
    .data                                    0x20000000   Section       12  main.o(.data)
    .data                                    0x2000000c   Section       12  stm32f1xx_hal.o(.data)
    .data                                    0x20000018   Section        4  system_stm32f1xx.o(.data)
    .data                                    0x2000001c   Section       17  bsp_uart_esp8266.o(.data)
    s_flag                                   0x2000001c   Data           1  bsp_uart_esp8266.o(.data)
    s_len                                    0x2000001e   Data           2  bsp_uart_esp8266.o(.data)
    s_data_len                               0x20000020   Data           2  bsp_uart_esp8266.o(.data)
    .data                                    0x2000002d   Section       11  bsp_uart_esp8266.o(.data)
    .data                                    0x20000038   Section       28  bsp_timer.o(.data)
    s_ucTimeOutFlag                          0x20000038   Data           1  bsp_timer.o(.data)
    g_ucEnableSystickISR                     0x20000039   Data           1  bsp_timer.o(.data)
    s_count                                  0x2000003a   Data           1  bsp_timer.o(.data)
    s_uiDelayCount                           0x2000003c   Data           4  bsp_timer.o(.data)
    s_TIM_CallBack1                          0x20000044   Data           4  bsp_timer.o(.data)
    s_TIM_CallBack2                          0x20000048   Data           4  bsp_timer.o(.data)
    s_TIM_CallBack3                          0x2000004c   Data           4  bsp_timer.o(.data)
    s_TIM_CallBack4                          0x20000050   Data           4  bsp_timer.o(.data)
    .data                                    0x20000054   Section      160  driver_lcd_chinese.o(.data)
    .data                                    0x200000f4   Section      224  driver_lcd_chinese.o(.data)
    .data                                    0x200001d4   Section      256  driver_lcd_chinese.o(.data)
    .data                                    0x200002d4   Section      256  driver_lcd_chinese.o(.data)
    .data                                    0x200003d4   Section        8  driver_oled.o(.data)
    mem_mode                                 0x200003d4   Data           1  driver_oled.o(.data)
    g_pHI2COLED                              0x200003d8   Data           4  driver_oled.o(.data)
    .data                                    0x200003dc   Section        4  driver_passive_buzzer.o(.data)
    g_HPWM_PassiveBuzzer                     0x200003dc   Data           4  driver_passive_buzzer.o(.data)
    .data                                    0x200003e0   Section       12  cjson.o(.data)
    cJSON_malloc                             0x200003e0   Data           4  cjson.o(.data)
    cJSON_free                               0x200003e4   Data           4  cjson.o(.data)
    ep                                       0x200003e8   Data           4  cjson.o(.data)
    .data                                    0x200003ec   Section        4  driver_light_sensor.o(.data)
    g_HADC_LightSensor                       0x200003ec   Data           4  driver_light_sensor.o(.data)
    .data                                    0x200003f0   Section        4  stdout.o(.data)
    .data                                    0x200003f4   Section        4  mvars.o(.data)
    .data                                    0x200003f8   Section        4  mvars.o(.data)
    .data                                    0x200003fc   Section        4  errno.o(.data)
    _errno                                   0x200003fc   Data           4  errno.o(.data)
    .bss                                     0x20000400   Section      100  main.o(.bss)
    .bss                                     0x20000464   Section       72  tim.o(.bss)
    .bss                                     0x200004ac   Section       72  stm32f1xx_hal_timebase_tim.o(.bss)
    .bss                                     0x200004f4   Section     2409  bsp_uart_esp8266.o(.bss)
    s_buf                                    0x200004f4   Data        2048  bsp_uart_esp8266.o(.bss)
    .bss                                     0x20000e60   Section       48  bsp_timer.o(.bss)
    s_tTmr                                   0x20000e60   Data          48  bsp_timer.o(.bss)
    .bss                                     0x20000e90   Section     8280  bsp_uart_fifo.o(.bss)
    g_tUart1                                 0x20000e90   Data          44  bsp_uart_fifo.o(.bss)
    g_TxBuf1                                 0x20000ebc   Data        2048  bsp_uart_fifo.o(.bss)
    g_RxBuf1                                 0x200016bc   Data        2048  bsp_uart_fifo.o(.bss)
    g_tUart2                                 0x20001ebc   Data          44  bsp_uart_fifo.o(.bss)
    g_TxBuf2                                 0x20001ee8   Data        2048  bsp_uart_fifo.o(.bss)
    g_RxBuf2                                 0x200026e8   Data        2048  bsp_uart_fifo.o(.bss)
    .bss                                     0x20002ee8   Section       84  i2c.o(.bss)
    .bss                                     0x20002f3c   Section       48  adc.o(.bss)
    HEAP                                     0x20002f70   Section     3072  startup_stm32f103xb.o(HEAP)
    STACK                                    0x20003b70   Section     1024  startup_stm32f103xb.o(STACK)

    Global Symbols

    Symbol Name                              Value     Ov Type        Size  Object(Section)

    BuildAttributes$$THM_ISAv4$P$D$K$B$S$PE$A:L22UL41UL21$X:L11$S22US41US21$IEEE1$IW$USESV6$~STKCKD$USESV7$~SHL$OTIME$ROPI$IEEEX$EBA8$MICROLIB$REQ8$PRES8$EABIv2 0x00000000   Number         0  anon$$obj.o ABSOLUTE
    __ARM_use_no_argv                        0x00000000   Number         0  main.o ABSOLUTE
    _printf_a                                0x00000000   Number         0  stubs.o ABSOLUTE
    _printf_c                                0x00000000   Number         0  stubs.o ABSOLUTE
    _printf_charcount                        0x00000000   Number         0  stubs.o ABSOLUTE
    _printf_d                                0x00000000   Number         0  stubs.o ABSOLUTE
    _printf_e                                0x00000000   Number         0  stubs.o ABSOLUTE
    _printf_f                                0x00000000   Number         0  stubs.o ABSOLUTE
    _printf_flags                            0x00000000   Number         0  stubs.o ABSOLUTE
    _printf_fp_dec                           0x00000000   Number         0  stubs.o ABSOLUTE
    _printf_fp_hex                           0x00000000   Number         0  stubs.o ABSOLUTE
    _printf_g                                0x00000000   Number         0  stubs.o ABSOLUTE
    _printf_i                                0x00000000   Number         0  stubs.o ABSOLUTE
    _printf_int_dec                          0x00000000   Number         0  stubs.o ABSOLUTE
    _printf_l                                0x00000000   Number         0  stubs.o ABSOLUTE
    _printf_lc                               0x00000000   Number         0  stubs.o ABSOLUTE
    _printf_ll                               0x00000000   Number         0  stubs.o ABSOLUTE
    _printf_lld                              0x00000000   Number         0  stubs.o ABSOLUTE
    _printf_lli                              0x00000000   Number         0  stubs.o ABSOLUTE
    _printf_llo                              0x00000000   Number         0  stubs.o ABSOLUTE
    _printf_llu                              0x00000000   Number         0  stubs.o ABSOLUTE
    _printf_llx                              0x00000000   Number         0  stubs.o ABSOLUTE
    _printf_longlong_dec                     0x00000000   Number         0  stubs.o ABSOLUTE
    _printf_longlong_hex                     0x00000000   Number         0  stubs.o ABSOLUTE
    _printf_longlong_oct                     0x00000000   Number         0  stubs.o ABSOLUTE
    _printf_ls                               0x00000000   Number         0  stubs.o ABSOLUTE
    _printf_mbtowc                           0x00000000   Number         0  stubs.o ABSOLUTE
    _printf_n                                0x00000000   Number         0  stubs.o ABSOLUTE
    _printf_o                                0x00000000   Number         0  stubs.o ABSOLUTE
    _printf_p                                0x00000000   Number         0  stubs.o ABSOLUTE
    _printf_percent                          0x00000000   Number         0  stubs.o ABSOLUTE
    _printf_pre_padding                      0x00000000   Number         0  stubs.o ABSOLUTE
    _printf_return_value                     0x00000000   Number         0  stubs.o ABSOLUTE
    _printf_s                                0x00000000   Number         0  stubs.o ABSOLUTE
    _printf_sizespec                         0x00000000   Number         0  stubs.o ABSOLUTE
    _printf_str                              0x00000000   Number         0  stubs.o ABSOLUTE
    _printf_truncate_signed                  0x00000000   Number         0  stubs.o ABSOLUTE
    _printf_truncate_unsigned                0x00000000   Number         0  stubs.o ABSOLUTE
    _printf_u                                0x00000000   Number         0  stubs.o ABSOLUTE
    _printf_wc                               0x00000000   Number         0  stubs.o ABSOLUTE
    _printf_wctomb                           0x00000000   Number         0  stubs.o ABSOLUTE
    _printf_widthprec                        0x00000000   Number         0  stubs.o ABSOLUTE
    _printf_x                                0x00000000   Number         0  stubs.o ABSOLUTE
    __arm_fini_                               - Undefined Weak Reference
    __cpp_initialize__aeabi_                  - Undefined Weak Reference
    __cxa_finalize                            - Undefined Weak Reference
    _clock_init                               - Undefined Weak Reference
    _microlib_exit                            - Undefined Weak Reference
    __Vectors_Size                           0x000000ec   Number         0  startup_stm32f103xb.o ABSOLUTE
    __Vectors                                0x08000000   Data           4  startup_stm32f103xb.o(RESET)
    __Vectors_End                            0x080000ec   Data           0  startup_stm32f103xb.o(RESET)
    __main                                   0x080000ed   Thumb Code     0  entry.o(.ARM.Collect$$$$00000000)
    _main_stk                                0x080000ed   Thumb Code     0  entry2.o(.ARM.Collect$$$$00000001)
    _main_scatterload                        0x080000f1   Thumb Code     0  entry5.o(.ARM.Collect$$$$00000004)
    __main_after_scatterload                 0x080000f5   Thumb Code     0  entry5.o(.ARM.Collect$$$$00000004)
    _main_clock                              0x080000f5   Thumb Code     0  entry7b.o(.ARM.Collect$$$$00000008)
    _main_cpp_init                           0x080000f5   Thumb Code     0  entry8b.o(.ARM.Collect$$$$0000000A)
    _main_init                               0x080000f5   Thumb Code     0  entry9a.o(.ARM.Collect$$$$0000000B)
    __rt_lib_shutdown_fini                   0x080000fd   Thumb Code     0  entry12b.o(.ARM.Collect$$$$0000000E)
    __rt_final_cpp                           0x08000101   Thumb Code     0  entry10a.o(.ARM.Collect$$$$0000000F)
    __rt_final_exit                          0x08000101   Thumb Code     0  entry11a.o(.ARM.Collect$$$$00000011)
    Reset_Handler                            0x08000105   Thumb Code     8  startup_stm32f103xb.o(.text)
    ADC1_2_IRQHandler                        0x0800011f   Thumb Code     0  startup_stm32f103xb.o(.text)
    CAN1_RX1_IRQHandler                      0x0800011f   Thumb Code     0  startup_stm32f103xb.o(.text)
    CAN1_SCE_IRQHandler                      0x0800011f   Thumb Code     0  startup_stm32f103xb.o(.text)
    DMA1_Channel1_IRQHandler                 0x0800011f   Thumb Code     0  startup_stm32f103xb.o(.text)
    DMA1_Channel2_IRQHandler                 0x0800011f   Thumb Code     0  startup_stm32f103xb.o(.text)
    DMA1_Channel3_IRQHandler                 0x0800011f   Thumb Code     0  startup_stm32f103xb.o(.text)
    DMA1_Channel4_IRQHandler                 0x0800011f   Thumb Code     0  startup_stm32f103xb.o(.text)
    DMA1_Channel5_IRQHandler                 0x0800011f   Thumb Code     0  startup_stm32f103xb.o(.text)
    DMA1_Channel6_IRQHandler                 0x0800011f   Thumb Code     0  startup_stm32f103xb.o(.text)
    DMA1_Channel7_IRQHandler                 0x0800011f   Thumb Code     0  startup_stm32f103xb.o(.text)
    EXTI0_IRQHandler                         0x0800011f   Thumb Code     0  startup_stm32f103xb.o(.text)
    EXTI15_10_IRQHandler                     0x0800011f   Thumb Code     0  startup_stm32f103xb.o(.text)
    EXTI1_IRQHandler                         0x0800011f   Thumb Code     0  startup_stm32f103xb.o(.text)
    EXTI2_IRQHandler                         0x0800011f   Thumb Code     0  startup_stm32f103xb.o(.text)
    EXTI3_IRQHandler                         0x0800011f   Thumb Code     0  startup_stm32f103xb.o(.text)
    EXTI4_IRQHandler                         0x0800011f   Thumb Code     0  startup_stm32f103xb.o(.text)
    EXTI9_5_IRQHandler                       0x0800011f   Thumb Code     0  startup_stm32f103xb.o(.text)
    FLASH_IRQHandler                         0x0800011f   Thumb Code     0  startup_stm32f103xb.o(.text)
    I2C1_ER_IRQHandler                       0x0800011f   Thumb Code     0  startup_stm32f103xb.o(.text)
    I2C1_EV_IRQHandler                       0x0800011f   Thumb Code     0  startup_stm32f103xb.o(.text)
    I2C2_ER_IRQHandler                       0x0800011f   Thumb Code     0  startup_stm32f103xb.o(.text)
    I2C2_EV_IRQHandler                       0x0800011f   Thumb Code     0  startup_stm32f103xb.o(.text)
    PVD_IRQHandler                           0x0800011f   Thumb Code     0  startup_stm32f103xb.o(.text)
    RCC_IRQHandler                           0x0800011f   Thumb Code     0  startup_stm32f103xb.o(.text)
    RTC_Alarm_IRQHandler                     0x0800011f   Thumb Code     0  startup_stm32f103xb.o(.text)
    RTC_IRQHandler                           0x0800011f   Thumb Code     0  startup_stm32f103xb.o(.text)
    SPI1_IRQHandler                          0x0800011f   Thumb Code     0  startup_stm32f103xb.o(.text)
    SPI2_IRQHandler                          0x0800011f   Thumb Code     0  startup_stm32f103xb.o(.text)
    TAMPER_IRQHandler                        0x0800011f   Thumb Code     0  startup_stm32f103xb.o(.text)
    TIM1_BRK_IRQHandler                      0x0800011f   Thumb Code     0  startup_stm32f103xb.o(.text)
    TIM1_CC_IRQHandler                       0x0800011f   Thumb Code     0  startup_stm32f103xb.o(.text)
    TIM1_TRG_COM_IRQHandler                  0x0800011f   Thumb Code     0  startup_stm32f103xb.o(.text)
    TIM1_UP_IRQHandler                       0x0800011f   Thumb Code     0  startup_stm32f103xb.o(.text)
    TIM3_IRQHandler                          0x0800011f   Thumb Code     0  startup_stm32f103xb.o(.text)
    USART3_IRQHandler                        0x0800011f   Thumb Code     0  startup_stm32f103xb.o(.text)
    USBWakeUp_IRQHandler                     0x0800011f   Thumb Code     0  startup_stm32f103xb.o(.text)
    USB_HP_CAN1_TX_IRQHandler                0x0800011f   Thumb Code     0  startup_stm32f103xb.o(.text)
    USB_LP_CAN1_RX0_IRQHandler               0x0800011f   Thumb Code     0  startup_stm32f103xb.o(.text)
    WWDG_IRQHandler                          0x0800011f   Thumb Code     0  startup_stm32f103xb.o(.text)
    __aeabi_llsr                             0x08000129   Thumb Code    32  llushr.o(.text)
    _ll_ushift_r                             0x08000129   Thumb Code     0  llushr.o(.text)
    tolower                                  0x08000149   Thumb Code    12  tolower.o(.text)
    __aeabi_memset                           0x08000155   Thumb Code    14  memseta.o(.text)
    __aeabi_memset4                          0x08000155   Thumb Code     0  memseta.o(.text)
    __aeabi_memset8                          0x08000155   Thumb Code     0  memseta.o(.text)
    __aeabi_memclr                           0x08000163   Thumb Code     4  memseta.o(.text)
    __aeabi_memclr4                          0x08000163   Thumb Code     0  memseta.o(.text)
    __aeabi_memclr8                          0x08000163   Thumb Code     0  memseta.o(.text)
    _memset$wrapper                          0x08000167   Thumb Code    18  memseta.o(.text)
    strchr                                   0x08000179   Thumb Code    20  strchr.o(.text)
    strlen                                   0x0800018d   Thumb Code    14  strlen.o(.text)
    strncmp                                  0x0800019b   Thumb Code    30  strncmp.o(.text)
    __aeabi_dadd                             0x080001b9   Thumb Code   322  dadd.o(.text)
    __aeabi_dsub                             0x080002fb   Thumb Code     6  dadd.o(.text)
    __aeabi_drsub                            0x08000301   Thumb Code     6  dadd.o(.text)
    __aeabi_dmul                             0x08000307   Thumb Code   228  dmul.o(.text)
    __aeabi_ddiv                             0x080003eb   Thumb Code   222  ddiv.o(.text)
    __aeabi_i2d                              0x080004c9   Thumb Code    34  dflti.o(.text)
    __aeabi_ui2d                             0x080004eb   Thumb Code    26  dfltui.o(.text)
    __aeabi_f2iz                             0x08000505   Thumb Code    50  ffixi.o(.text)
    __aeabi_d2iz                             0x08000537   Thumb Code    62  dfixi.o(.text)
    __aeabi_f2d                              0x08000575   Thumb Code    38  f2d.o(.text)
    __aeabi_cdrcmple                         0x0800059d   Thumb Code    48  cdrcmple.o(.text)
    __aeabi_d2f                              0x080005cd   Thumb Code    56  d2f.o(.text)
    __aeabi_uidiv                            0x08000605   Thumb Code     0  uidiv.o(.text)
    __aeabi_uidivmod                         0x08000605   Thumb Code    44  uidiv.o(.text)
    __aeabi_uldivmod                         0x08000631   Thumb Code    98  uldiv.o(.text)
    __aeabi_llsl                             0x08000693   Thumb Code    30  llshl.o(.text)
    _ll_shift_l                              0x08000693   Thumb Code     0  llshl.o(.text)
    __aeabi_lasr                             0x080006b1   Thumb Code    36  llsshr.o(.text)
    _ll_sshift_r                             0x080006b1   Thumb Code     0  llsshr.o(.text)
    __I$use$fp                               0x080006d5   Thumb Code     0  iusefp.o(.text)
    _float_round                             0x080006d5   Thumb Code    18  fepilogue.o(.text)
    _float_epilogue                          0x080006e7   Thumb Code    92  fepilogue.o(.text)
    _double_round                            0x08000743   Thumb Code    30  depilogue.o(.text)
    _double_epilogue                         0x08000761   Thumb Code   156  depilogue.o(.text)
    __ARM_scalbn                             0x080007fd   Thumb Code    46  dscalb.o(.text)
    scalbn                                   0x080007fd   Thumb Code     0  dscalb.o(.text)
    __aeabi_d2ulz                            0x0800082b   Thumb Code    48  dfixul.o(.text)
    __scatterload                            0x0800085d   Thumb Code    28  init.o(.text)
    __scatterload_rt2                        0x0800085d   Thumb Code     0  init.o(.text)
    _dsqrt                                   0x08000881   Thumb Code   162  dsqrt.o(.text)
    __decompress                             0x08000923   Thumb Code     0  __dclz77c.o(.text)
    __decompress2                            0x08000923   Thumb Code    94  __dclz77c.o(.text)
    ADC_ConversionStop_Disable               0x08000981   Thumb Code    86  stm32f1xx_hal_adc.o(i.ADC_ConversionStop_Disable)
    ADC_Enable                               0x080009d9   Thumb Code   114  stm32f1xx_hal_adc.o(i.ADC_Enable)
    BusFault_Handler                         0x08000a55   Thumb Code     2  stm32f1xx_it.o(i.BusFault_Handler)
    ComToUSARTx                              0x08000a59   Thumb Code    18  bsp_uart_fifo.o(i.ComToUSARTx)
    ComToUart                                0x08000a75   Thumb Code    24  bsp_uart_fifo.o(i.ComToUart)
    DHT11_Init                               0x08000a95   Thumb Code     6  driver_dht11.o(i.DHT11_Init)
    DHT11_Read                               0x08000acd   Thumb Code   154  driver_dht11.o(i.DHT11_Read)
    DebugMon_Handler                         0x08000c2f   Thumb Code     2  stm32f1xx_it.o(i.DebugMon_Handler)
    ESP8266_JoinAP                           0x08000c31   Thumb Code    42  bsp_uart_esp8266.o(i.ESP8266_JoinAP)
    ESP8266_Poll                             0x08000c79   Thumb Code   166  bsp_uart_esp8266.o(i.ESP8266_Poll)
    ESP8266_ReciveNew                        0x08000d6d   Thumb Code    44  bsp_uart_esp8266.o(i.ESP8266_ReciveNew)
    ESP8266_SendAT                           0x08000db1   Thumb Code    32  bsp_uart_esp8266.o(i.ESP8266_SendAT)
    ESP8266_WaitResponse                     0x08000dd5   Thumb Code    88  bsp_uart_esp8266.o(i.ESP8266_WaitResponse)
    Error_Handler                            0x08000e2d   Thumb Code     4  bsp.o(i.Error_Handler)
    HAL_ADCEx_Calibration_Start              0x08000e31   Thumb Code   210  stm32f1xx_hal_adc_ex.o(i.HAL_ADCEx_Calibration_Start)
    HAL_ADC_ConfigChannel                    0x08000f09   Thumb Code   240  stm32f1xx_hal_adc.o(i.HAL_ADC_ConfigChannel)
    HAL_ADC_GetValue                         0x08001005   Thumb Code     6  stm32f1xx_hal_adc.o(i.HAL_ADC_GetValue)
    HAL_ADC_Init                             0x0800100d   Thumb Code   272  stm32f1xx_hal_adc.o(i.HAL_ADC_Init)
    HAL_ADC_MspInit                          0x08001129   Thumb Code    76  adc.o(i.HAL_ADC_MspInit)
    HAL_ADC_PollForConversion                0x08001181   Thumb Code   304  stm32f1xx_hal_adc.o(i.HAL_ADC_PollForConversion)
    HAL_ADC_Start                            0x080012bd   Thumb Code   184  stm32f1xx_hal_adc.o(i.HAL_ADC_Start)
    HAL_GPIO_Init                            0x0800137d   Thumb Code   446  stm32f1xx_hal_gpio.o(i.HAL_GPIO_Init)
    HAL_GPIO_ReadPin                         0x0800155d   Thumb Code    10  stm32f1xx_hal_gpio.o(i.HAL_GPIO_ReadPin)
    HAL_GPIO_WritePin                        0x08001567   Thumb Code    10  stm32f1xx_hal_gpio.o(i.HAL_GPIO_WritePin)
    HAL_GetTick                              0x08001571   Thumb Code     6  stm32f1xx_hal.o(i.HAL_GetTick)
    HAL_I2C_Init                             0x0800157d   Thumb Code   376  stm32f1xx_hal_i2c.o(i.HAL_I2C_Init)
    HAL_I2C_Master_Transmit                  0x08001705   Thumb Code   290  stm32f1xx_hal_i2c.o(i.HAL_I2C_Master_Transmit)
    HAL_I2C_Mem_Write                        0x08001831   Thumb Code   294  stm32f1xx_hal_i2c.o(i.HAL_I2C_Mem_Write)
    HAL_I2C_MspInit                          0x08001961   Thumb Code    80  i2c.o(i.HAL_I2C_MspInit)
    HAL_IncTick                              0x080019bd   Thumb Code    12  stm32f1xx_hal.o(i.HAL_IncTick)
    HAL_Init                                 0x080019cd   Thumb Code    32  stm32f1xx_hal.o(i.HAL_Init)
    HAL_InitTick                             0x080019f1   Thumb Code   132  stm32f1xx_hal_timebase_tim.o(i.HAL_InitTick)
    HAL_MspInit                              0x08001a89   Thumb Code    52  stm32f1xx_hal_msp.o(i.HAL_MspInit)
    HAL_NVIC_EnableIRQ                       0x08001ac5   Thumb Code    26  stm32f1xx_hal_cortex.o(i.HAL_NVIC_EnableIRQ)
    HAL_NVIC_SetPriority                     0x08001ae1   Thumb Code    60  stm32f1xx_hal_cortex.o(i.HAL_NVIC_SetPriority)
    HAL_NVIC_SetPriorityGrouping             0x08001b21   Thumb Code    26  stm32f1xx_hal_cortex.o(i.HAL_NVIC_SetPriorityGrouping)
    HAL_RCCEx_GetPeriphCLKFreq               0x08001b45   Thumb Code   148  stm32f1xx_hal_rcc_ex.o(i.HAL_RCCEx_GetPeriphCLKFreq)
    HAL_RCC_ClockConfig                      0x08001be9   Thumb Code   280  stm32f1xx_hal_rcc.o(i.HAL_RCC_ClockConfig)
    HAL_RCC_GetClockConfig                   0x08001d15   Thumb Code    54  stm32f1xx_hal_rcc.o(i.HAL_RCC_GetClockConfig)
    HAL_RCC_GetPCLK1Freq                     0x08001d55   Thumb Code    20  stm32f1xx_hal_rcc.o(i.HAL_RCC_GetPCLK1Freq)
    HAL_RCC_GetPCLK2Freq                     0x08001d75   Thumb Code    20  stm32f1xx_hal_rcc.o(i.HAL_RCC_GetPCLK2Freq)
    HAL_RCC_GetSysClockFreq                  0x08001d95   Thumb Code    58  stm32f1xx_hal_rcc.o(i.HAL_RCC_GetSysClockFreq)
    HAL_RCC_OscConfig                        0x08001de1   Thumb Code   778  stm32f1xx_hal_rcc.o(i.HAL_RCC_OscConfig)
    HAL_TIMEx_BreakCallback                  0x08002101   Thumb Code     2  stm32f1xx_hal_tim_ex.o(i.HAL_TIMEx_BreakCallback)
    HAL_TIMEx_CommutCallback                 0x08002103   Thumb Code     2  stm32f1xx_hal_tim_ex.o(i.HAL_TIMEx_CommutCallback)
    HAL_TIMEx_ConfigBreakDeadTime            0x08002105   Thumb Code    84  stm32f1xx_hal_tim_ex.o(i.HAL_TIMEx_ConfigBreakDeadTime)
    HAL_TIMEx_MasterConfigSynchronization    0x08002159   Thumb Code    92  stm32f1xx_hal_tim_ex.o(i.HAL_TIMEx_MasterConfigSynchronization)
    HAL_TIM_Base_Init                        0x080021c1   Thumb Code    90  stm32f1xx_hal_tim.o(i.HAL_TIM_Base_Init)
    HAL_TIM_Base_MspInit                     0x0800221b   Thumb Code     2  stm32f1xx_hal_tim.o(i.HAL_TIM_Base_MspInit)
    HAL_TIM_Base_Start                       0x0800221d   Thumb Code    66  stm32f1xx_hal_tim.o(i.HAL_TIM_Base_Start)
    HAL_TIM_Base_Start_IT                    0x0800226d   Thumb Code    76  stm32f1xx_hal_tim.o(i.HAL_TIM_Base_Start_IT)
    HAL_TIM_IC_CaptureCallback               0x080022c5   Thumb Code     2  stm32f1xx_hal_tim.o(i.HAL_TIM_IC_CaptureCallback)
    HAL_TIM_IRQHandler                       0x080022c7   Thumb Code   358  stm32f1xx_hal_tim.o(i.HAL_TIM_IRQHandler)
    HAL_TIM_MspPostInit                      0x0800242d   Thumb Code    64  tim.o(i.HAL_TIM_MspPostInit)
    HAL_TIM_OC_DelayElapsedCallback          0x08002479   Thumb Code     2  stm32f1xx_hal_tim.o(i.HAL_TIM_OC_DelayElapsedCallback)
    HAL_TIM_PWM_ConfigChannel                0x0800247b   Thumb Code   204  stm32f1xx_hal_tim.o(i.HAL_TIM_PWM_ConfigChannel)
    HAL_TIM_PWM_Init                         0x08002547   Thumb Code    90  stm32f1xx_hal_tim.o(i.HAL_TIM_PWM_Init)
    HAL_TIM_PWM_MspInit                      0x080025a1   Thumb Code    30  tim.o(i.HAL_TIM_PWM_MspInit)
    HAL_TIM_PWM_PulseFinishedCallback        0x080025c9   Thumb Code     2  stm32f1xx_hal_tim.o(i.HAL_TIM_PWM_PulseFinishedCallback)
    HAL_TIM_PWM_Start                        0x080025cd   Thumb Code   144  stm32f1xx_hal_tim.o(i.HAL_TIM_PWM_Start)
    HAL_TIM_PWM_Stop                         0x08002669   Thumb Code   108  stm32f1xx_hal_tim.o(i.HAL_TIM_PWM_Stop)
    HAL_TIM_PeriodElapsedCallback            0x080026d9   Thumb Code     2  stm32f1xx_hal_tim.o(i.HAL_TIM_PeriodElapsedCallback)
    HAL_TIM_TriggerCallback                  0x080026db   Thumb Code     2  stm32f1xx_hal_tim.o(i.HAL_TIM_TriggerCallback)
    HAL_UART_Init                            0x080026dd   Thumb Code   100  stm32f1xx_hal_uart.o(i.HAL_UART_Init)
    HAL_UART_MspInit                         0x08002741   Thumb Code     2  stm32f1xx_hal_uart.o(i.HAL_UART_MspInit)
    HardFault_Handler                        0x08002743   Thumb Code     2  stm32f1xx_it.o(i.HardFault_Handler)
    Key_Init                                 0x08002bfd   Thumb Code    26  driver_key.o(i.Key_Init)
    LCD_Clear                                0x08002c1d   Thumb Code     4  driver_lcd.o(i.LCD_Clear)
    LCD_Init                                 0x08002c21   Thumb Code     4  driver_lcd.o(i.LCD_Init)
    LCD_PrintChinese                         0x08002c25   Thumb Code     4  driver_lcd.o(i.LCD_PrintChinese)
    LCD_PrintSignedVal                       0x08002c29   Thumb Code     4  driver_lcd.o(i.LCD_PrintSignedVal)
    LCD_PrintString                          0x08002c2d   Thumb Code     4  driver_lcd.o(i.LCD_PrintString)
    LCD_PutChar                              0x08002c31   Thumb Code     4  driver_lcd.o(i.LCD_PutChar)
    Led_Control                              0x08002c35   Thumb Code    26  driver_led.o(i.Led_Control)
    Led_Init                                 0x08002c55   Thumb Code    72  driver_led.o(i.Led_Init)
    LightSensor_Init                         0x08002ca5   Thumb Code     8  driver_light_sensor.o(i.LightSensor_Init)
    LightSensor_Read                         0x08002cb1   Thumb Code    66  driver_light_sensor.o(i.LightSensor_Read)
    MX_ADC1_Init                             0x08002d01   Thumb Code    70  adc.o(i.MX_ADC1_Init)
    MX_GPIO_Init                             0x08002d51   Thumb Code    64  gpio.o(i.MX_GPIO_Init)
    MX_I2C1_Init                             0x08002d99   Thumb Code    50  i2c.o(i.MX_I2C1_Init)
    MX_TIM1_Init                             0x08002dd9   Thumb Code   158  tim.o(i.MX_TIM1_Init)
    MemManage_Handler                        0x08002e81   Thumb Code     2  stm32f1xx_it.o(i.MemManage_Handler)
    NMI_Handler                              0x08002e83   Thumb Code     2  stm32f1xx_it.o(i.NMI_Handler)
    OLED_Clear                               0x08002e85   Thumb Code    42  driver_oled.o(i.OLED_Clear)
    OLED_Init                                0x08002eb1   Thumb Code   142  driver_oled.o(i.OLED_Init)
    OLED_PrintChinese                        0x08002f45   Thumb Code    84  driver_oled.o(i.OLED_PrintChinese)
    OLED_PrintSignedVal                      0x08002f99   Thumb Code   126  driver_oled.o(i.OLED_PrintSignedVal)
    OLED_PrintString                         0x08003017   Thumb Code    50  driver_oled.o(i.OLED_PrintString)
    OLED_PutChar                             0x08003049   Thumb Code    66  driver_oled.o(i.OLED_PutChar)
    OLED_SetPosition                         0x080030bd   Thumb Code    58  driver_oled.o(i.OLED_SetPosition)
    PassiveBuzzer_Control                    0x08003145   Thumb Code    20  driver_passive_buzzer.o(i.PassiveBuzzer_Control)
    PendSV_Handler                           0x0800315d   Thumb Code     2  stm32f1xx_it.o(i.PendSV_Handler)
    SVC_Handler                              0x0800315f   Thumb Code     2  stm32f1xx_it.o(i.SVC_Handler)
    SysTick_Handler                          0x08003161   Thumb Code    24  bsp_timer.o(i.SysTick_Handler)
    SysTick_ISR                              0x0800317d   Thumb Code   112  bsp_timer.o(i.SysTick_ISR)
    SystemInit                               0x08003253   Thumb Code     2  system_stm32f1xx.o(i.SystemInit)
    TIM2_IRQHandler                          0x08003255   Thumb Code   144  bsp_timer.o(i.TIM2_IRQHandler)
    TIM4_IRQHandler                          0x080032e9   Thumb Code     6  stm32f1xx_it.o(i.TIM4_IRQHandler)
    TIM_Base_SetConfig                       0x080032f5   Thumb Code    94  stm32f1xx_hal_tim.o(i.TIM_Base_SetConfig)
    TIM_CCxChannelCmd                        0x08003361   Thumb Code    26  stm32f1xx_hal_tim.o(i.TIM_CCxChannelCmd)
    TIM_OC2_SetConfig                        0x080033cd   Thumb Code    84  stm32f1xx_hal_tim.o(i.TIM_OC2_SetConfig)
    USART1_IRQHandler                        0x08003579   Thumb Code     6  bsp_uart_fifo.o(i.USART1_IRQHandler)
    USART2_IRQHandler                        0x08003585   Thumb Code     6  bsp_uart_fifo.o(i.USART2_IRQHandler)
    UsageFault_Handler                       0x08003755   Thumb Code     2  stm32f1xx_it.o(i.UsageFault_Handler)
    __0printf                                0x08003759   Thumb Code    22  printfa.o(i.__0printf)
    __1printf                                0x08003759   Thumb Code     0  printfa.o(i.__0printf)
    __2printf                                0x08003759   Thumb Code     0  printfa.o(i.__0printf)
    __c89printf                              0x08003759   Thumb Code     0  printfa.o(i.__0printf)
    printf                                   0x08003759   Thumb Code     0  printfa.o(i.__0printf)
    __0sprintf                               0x08003779   Thumb Code    34  printfa.o(i.__0sprintf)
    __1sprintf                               0x08003779   Thumb Code     0  printfa.o(i.__0sprintf)
    __2sprintf                               0x08003779   Thumb Code     0  printfa.o(i.__0sprintf)
    __c89sprintf                             0x08003779   Thumb Code     0  printfa.o(i.__0sprintf)
    sprintf                                  0x08003779   Thumb Code     0  printfa.o(i.__0sprintf)
    __ARM_fpclassify                         0x080037a1   Thumb Code    40  fpclassify.o(i.__ARM_fpclassify)
    __kernel_poly                            0x080037e9   Thumb Code   170  poly.o(i.__kernel_poly)
    __mathlib_dbl_divzero                    0x08003895   Thumb Code    12  dunder.o(i.__mathlib_dbl_divzero)
    __mathlib_dbl_infnan2                    0x080038a5   Thumb Code     4  dunder.o(i.__mathlib_dbl_infnan2)
    __mathlib_dbl_invalid                    0x080038a9   Thumb Code    12  dunder.o(i.__mathlib_dbl_invalid)
    __mathlib_dbl_overflow                   0x080038b5   Thumb Code    14  dunder.o(i.__mathlib_dbl_overflow)
    __mathlib_dbl_underflow                  0x080038c5   Thumb Code    10  dunder.o(i.__mathlib_dbl_underflow)
    __scatterload_copy                       0x080038d5   Thumb Code    14  handlers.o(i.__scatterload_copy)
    __scatterload_null                       0x080038e3   Thumb Code     2  handlers.o(i.__scatterload_null)
    __scatterload_zeroinit                   0x080038e5   Thumb Code    14  handlers.o(i.__scatterload_zeroinit)
    __set_errno                              0x080038f5   Thumb Code     6  errno.o(i.__set_errno)
    bsp_CheckTimer                           0x08004195   Thumb Code    32  bsp_timer.o(i.bsp_CheckTimer)
    bsp_DelayMS                              0x080041b9   Thumb Code    44  bsp_timer.o(i.bsp_DelayMS)
    bsp_DelayUS                              0x080041e9   Thumb Code    54  bsp_timer.o(i.bsp_DelayUS)
    bsp_Idle                                 0x08004229   Thumb Code     2  bsp.o(i.bsp_Idle)
    bsp_Init                                 0x0800422b   Thumb Code    70  bsp.o(i.bsp_Init)
    bsp_InitESP8266                          0x08004271   Thumb Code    10  bsp_uart_esp8266.o(i.bsp_InitESP8266)
    bsp_InitESP8266MQTT                      0x0800427d   Thumb Code   564  bsp_uart_esp8266.o(i.bsp_InitESP8266MQTT)
    bsp_InitHardTimer                        0x08004759   Thumb Code   110  bsp_timer.o(i.bsp_InitHardTimer)
    bsp_InitTimer                            0x080047d5   Thumb Code    86  bsp_timer.o(i.bsp_InitTimer)
    bsp_InitUart                             0x0800483d   Thumb Code    14  bsp_uart_fifo.o(i.bsp_InitUart)
    bsp_RunPer10ms                           0x0800484b   Thumb Code     2  bsp.o(i.bsp_RunPer10ms)
    bsp_RunPer1ms                            0x0800484d   Thumb Code     2  bsp.o(i.bsp_RunPer1ms)
    bsp_SetUartParam                         0x0800484f   Thumb Code    40  bsp_uart_fifo.o(i.bsp_SetUartParam)
    bsp_StartAutoTimer                       0x08004879   Thumb Code    54  bsp_timer.o(i.bsp_StartAutoTimer)
    bsp_StartHardTimer                       0x080048f9   Thumb Code   102  bsp_timer.o(i.bsp_StartHardTimer)
    bsp_StartTimer                           0x08004965   Thumb Code    52  bsp_timer.o(i.bsp_StartTimer)
    cJSON_Delete                             0x080049e1   Thumb Code    66  cjson.o(i.cJSON_Delete)
    cJSON_GetObjectItem                      0x08004a29   Thumb Code    28  cjson.o(i.cJSON_GetObjectItem)
    cJSON_Parse                              0x08004a61   Thumb Code     8  cjson.o(i.cJSON_Parse)
    cJSON_ParseWithOpts                      0x08004a69   Thumb Code    92  cjson.o(i.cJSON_ParseWithOpts)
    comGetChar                               0x08004b0b   Thumb Code    78  bsp_uart_fifo.o(i.comGetChar)
    comSendBuf                               0x08004b59   Thumb Code    36  bsp_uart_fifo.o(i.comSendBuf)
    comSendChar                              0x08004b7d   Thumb Code    12  bsp_uart_fifo.o(i.comSendChar)
    comSetBaud                               0x08004b89   Thumb Code    24  bsp_uart_fifo.o(i.comSetBaud)
    fputc                                    0x08004ba1   Thumb Code    16  bsp_uart_fifo.o(i.fputc)
    free                                     0x08004bb1   Thumb Code    76  malloc.o(i.free)
    main                                     0x08004c01   Thumb Code   182  main.o(i.main)
    malloc                                   0x08004d19   Thumb Code    92  malloc.o(i.malloc)
    my_strnchr                               0x08004d85   Thumb Code    34  bsp_uart_esp8266.o(i.my_strnchr)
    pow                                      0x0800530d   Thumb Code  2512  pow.o(i.pow)
    sqrt                                     0x08005cf9   Thumb Code    76  sqrt.o(i.sqrt)
    AHBPrescTable                            0x08005d68   Data          16  system_stm32f1xx.o(.constdata)
    APBPrescTable                            0x08005d78   Data           8  system_stm32f1xx.o(.constdata)
    ascii_font                               0x08005db0   Data        2048  driver_oled.o(.constdata)
    __mathlib_zero                           0x08006640   Data           8  qnan.o(.constdata)
    Region$$Table$$Base                      0x0800668c   Number         0  anon$$obj.o(Region$$Table)
    Region$$Table$$Limit                     0x080066ac   Number         0  anon$$obj.o(Region$$Table)
    testtemp                                 0x20000000   Data           4  main.o(.data)
    testhum                                  0x20000004   Data           4  main.o(.data)
    testlight                                0x20000008   Data           4  main.o(.data)
    uwTickFreq                               0x2000000c   Data           1  stm32f1xx_hal.o(.data)
    uwTickPrio                               0x20000010   Data           4  stm32f1xx_hal.o(.data)
    uwTick                                   0x20000014   Data           4  stm32f1xx_hal.o(.data)
    SystemCoreClock                          0x20000018   Data           4  system_stm32f1xx.o(.data)
    g_esp8266_timeout                        0x2000001d   Data           1  bsp_uart_esp8266.o(.data)
    topicdevsub                              0x20000022   Data          11  bsp_uart_esp8266.o(.data)
    topicdevpub                              0x2000002d   Data          11  bsp_uart_esp8266.o(.data)
    g_iRunTime                               0x20000040   Data           4  bsp_timer.o(.data)
    g_chinese_fonts_1                        0x20000054   Data         160  driver_lcd_chinese.o(.data)
    g_chinese_fonts_2                        0x200000f4   Data         224  driver_lcd_chinese.o(.data)
    g_chinese_fonts_3                        0x200001d4   Data         256  driver_lcd_chinese.o(.data)
    g_chinese_fonts_4                        0x200002d4   Data         256  driver_lcd_chinese.o(.data)
    __stdout                                 0x200003f0   Data           4  stdout.o(.data)
    __microlib_freelist                      0x200003f4   Data           4  mvars.o(.data)
    __microlib_freelist_initialised          0x200003f8   Data           4  mvars.o(.data)
    g_at_cmd_buf                             0x20000400   Data         100  main.o(.bss)
    htim1                                    0x20000464   Data          72  tim.o(.bss)
    htim4                                    0x200004ac   Data          72  stm32f1xx_hal_timebase_tim.o(.bss)
    cmd_buf                                  0x20000cf4   Data         100  bsp_uart_esp8266.o(.bss)
    g_tESP8266                               0x20000d58   Data         261  bsp_uart_esp8266.o(.bss)
    hi2c1                                    0x20002ee8   Data          84  i2c.o(.bss)
    hadc1                                    0x20002f3c   Data          48  adc.o(.bss)
    __heap_base                              0x20002f70   Data           0  startup_stm32f103xb.o(HEAP)
    __heap_limit                             0x20003b70   Data           0  startup_stm32f103xb.o(HEAP)
    __initial_sp                             0x20003f70   Data           0  startup_stm32f103xb.o(STACK)



==============================================================================

Memory Map of the image

  Image Entry point : 0x080000ed

  Load Region LR_IROM1 (Base: 0x08000000, Size: 0x00006aac, Max: 0x00010000, ABSOLUTE, COMPRESSED[0x0000688c])

    Execution Region ER_IROM1 (Exec base: 0x08000000, Load base: 0x08000000, Size: 0x000066ac, Max: 0x00010000, ABSOLUTE)

    Exec Addr    Load Addr    Size         Type   Attr      Idx    E Section Name        Object

    0x08000000   0x08000000   0x000000ec   Data   RO            3    RESET               startup_stm32f103xb.o
    0x080000ec   0x080000ec   0x00000000   Code   RO         5094  * .ARM.Collect$$$$00000000  mc_w.l(entry.o)
    0x080000ec   0x080000ec   0x00000004   Code   RO         5457    .ARM.Collect$$$$00000001  mc_w.l(entry2.o)
    0x080000f0   0x080000f0   0x00000004   Code   RO         5460    .ARM.Collect$$$$00000004  mc_w.l(entry5.o)
    0x080000f4   0x080000f4   0x00000000   Code   RO         5462    .ARM.Collect$$$$00000008  mc_w.l(entry7b.o)
    0x080000f4   0x080000f4   0x00000000   Code   RO         5464    .ARM.Collect$$$$0000000A  mc_w.l(entry8b.o)
    0x080000f4   0x080000f4   0x00000008   Code   RO         5465    .ARM.Collect$$$$0000000B  mc_w.l(entry9a.o)
    0x080000fc   0x080000fc   0x00000004   Code   RO         5472    .ARM.Collect$$$$0000000E  mc_w.l(entry12b.o)
    0x08000100   0x08000100   0x00000000   Code   RO         5467    .ARM.Collect$$$$0000000F  mc_w.l(entry10a.o)
    0x08000100   0x08000100   0x00000000   Code   RO         5469    .ARM.Collect$$$$00000011  mc_w.l(entry11a.o)
    0x08000100   0x08000100   0x00000004   Code   RO         5458    .ARM.Collect$$$$00002712  mc_w.l(entry2.o)
    0x08000104   0x08000104   0x00000024   Code   RO            4    .text               startup_stm32f103xb.o
    0x08000128   0x08000128   0x00000020   Code   RO         5099    .text               mc_w.l(llushr.o)
    0x08000148   0x08000148   0x0000000c   Code   RO         5101    .text               mc_w.l(tolower.o)
    0x08000154   0x08000154   0x00000024   Code   RO         5105    .text               mc_w.l(memseta.o)
    0x08000178   0x08000178   0x00000014   Code   RO         5107    .text               mc_w.l(strchr.o)
    0x0800018c   0x0800018c   0x0000000e   Code   RO         5109    .text               mc_w.l(strlen.o)
    0x0800019a   0x0800019a   0x0000001e   Code   RO         5115    .text               mc_w.l(strncmp.o)
    0x080001b8   0x080001b8   0x0000014e   Code   RO         5408    .text               mf_w.l(dadd.o)
    0x08000306   0x08000306   0x000000e4   Code   RO         5410    .text               mf_w.l(dmul.o)
    0x080003ea   0x080003ea   0x000000de   Code   RO         5412    .text               mf_w.l(ddiv.o)
    0x080004c8   0x080004c8   0x00000022   Code   RO         5414    .text               mf_w.l(dflti.o)
    0x080004ea   0x080004ea   0x0000001a   Code   RO         5416    .text               mf_w.l(dfltui.o)
    0x08000504   0x08000504   0x00000032   Code   RO         5418    .text               mf_w.l(ffixi.o)
    0x08000536   0x08000536   0x0000003e   Code   RO         5420    .text               mf_w.l(dfixi.o)
    0x08000574   0x08000574   0x00000026   Code   RO         5422    .text               mf_w.l(f2d.o)
    0x0800059a   0x0800059a   0x00000002   PAD
    0x0800059c   0x0800059c   0x00000030   Code   RO         5426    .text               mf_w.l(cdrcmple.o)
    0x080005cc   0x080005cc   0x00000038   Code   RO         5428    .text               mf_w.l(d2f.o)
    0x08000604   0x08000604   0x0000002c   Code   RO         5474    .text               mc_w.l(uidiv.o)
    0x08000630   0x08000630   0x00000062   Code   RO         5476    .text               mc_w.l(uldiv.o)
    0x08000692   0x08000692   0x0000001e   Code   RO         5478    .text               mc_w.l(llshl.o)
    0x080006b0   0x080006b0   0x00000024   Code   RO         5480    .text               mc_w.l(llsshr.o)
    0x080006d4   0x080006d4   0x00000000   Code   RO         5491    .text               mc_w.l(iusefp.o)
    0x080006d4   0x080006d4   0x0000006e   Code   RO         5492    .text               mf_w.l(fepilogue.o)
    0x08000742   0x08000742   0x000000ba   Code   RO         5494    .text               mf_w.l(depilogue.o)
    0x080007fc   0x080007fc   0x0000002e   Code   RO         5496    .text               mf_w.l(dscalb.o)
    0x0800082a   0x0800082a   0x00000030   Code   RO         5498    .text               mf_w.l(dfixul.o)
    0x0800085a   0x0800085a   0x00000002   PAD
    0x0800085c   0x0800085c   0x00000024   Code   RO         5500    .text               mc_w.l(init.o)
    0x08000880   0x08000880   0x000000a2   Code   RO         5502    .text               mf_w.l(dsqrt.o)
    0x08000922   0x08000922   0x0000005e   Code   RO         5512    .text               mc_w.l(__dclz77c.o)
    0x08000980   0x08000980   0x00000056   Code   RO         3195    i.ADC_ConversionStop_Disable  stm32f1xx_hal_adc.o
    0x080009d6   0x080009d6   0x00000002   PAD
    0x080009d8   0x080009d8   0x0000007c   Code   RO         3199    i.ADC_Enable        stm32f1xx_hal_adc.o
    0x08000a54   0x08000a54   0x00000002   Code   RO          270    i.BusFault_Handler  stm32f1xx_it.o
    0x08000a56   0x08000a56   0x00000002   PAD
    0x08000a58   0x08000a58   0x0000001c   Code   RO         4047    i.ComToUSARTx       bsp_uart_fifo.o
    0x08000a74   0x08000a74   0x00000020   Code   RO         4048    i.ComToUart         bsp_uart_fifo.o
    0x08000a94   0x08000a94   0x00000006   Code   RO         4943    i.DHT11_Init        driver_dht11.o
    0x08000a9a   0x08000a9a   0x00000002   PAD
    0x08000a9c   0x08000a9c   0x00000018   Code   RO         4944    i.DHT11_PinRead     driver_dht11.o
    0x08000ab4   0x08000ab4   0x00000018   Code   RO         4945    i.DHT11_PinSet      driver_dht11.o
    0x08000acc   0x08000acc   0x000000f8   Code   RO         4946    i.DHT11_Read        driver_dht11.o
    0x08000bc4   0x08000bc4   0x00000046   Code   RO         4947    i.DHT11_ReadByte    driver_dht11.o
    0x08000c0a   0x08000c0a   0x00000024   Code   RO         4949    i.DHT11_WaitFor_Val  driver_dht11.o
    0x08000c2e   0x08000c2e   0x00000002   Code   RO          271    i.DebugMon_Handler  stm32f1xx_it.o
    0x08000c30   0x08000c30   0x00000048   Code   RO         3517    i.ESP8266_JoinAP    bsp_uart_esp8266.o
    0x08000c78   0x08000c78   0x000000f4   Code   RO         3519    i.ESP8266_Poll      bsp_uart_esp8266.o
    0x08000d6c   0x08000d6c   0x00000038   Code   RO         3525    i.ESP8266_ReciveNew  bsp_uart_esp8266.o
    0x08000da4   0x08000da4   0x0000000c   Code   RO         3527    i.ESP8266_RxTimeOut  bsp_uart_esp8266.o
    0x08000db0   0x08000db0   0x00000024   Code   RO         3529    i.ESP8266_SendAT    bsp_uart_esp8266.o
    0x08000dd4   0x08000dd4   0x00000058   Code   RO         3534    i.ESP8266_WaitResponse  bsp_uart_esp8266.o
    0x08000e2c   0x08000e2c   0x00000004   Code   RO         3877    i.Error_Handler     bsp.o
    0x08000e30   0x08000e30   0x000000d8   Code   RO         3375    i.HAL_ADCEx_Calibration_Start  stm32f1xx_hal_adc_ex.o
    0x08000f08   0x08000f08   0x000000fc   Code   RO         3201    i.HAL_ADC_ConfigChannel  stm32f1xx_hal_adc.o
    0x08001004   0x08001004   0x00000006   Code   RO         3208    i.HAL_ADC_GetValue  stm32f1xx_hal_adc.o
    0x0800100a   0x0800100a   0x00000002   PAD
    0x0800100c   0x0800100c   0x0000011c   Code   RO         3210    i.HAL_ADC_Init      stm32f1xx_hal_adc.o
    0x08001128   0x08001128   0x00000058   Code   RO         5000    i.HAL_ADC_MspInit   adc.o
    0x08001180   0x08001180   0x0000013c   Code   RO         3214    i.HAL_ADC_PollForConversion  stm32f1xx_hal_adc.o
    0x080012bc   0x080012bc   0x000000c0   Code   RO         3216    i.HAL_ADC_Start     stm32f1xx_hal_adc.o
    0x0800137c   0x0800137c   0x000001e0   Code   RO         2535    i.HAL_GPIO_Init     stm32f1xx_hal_gpio.o
    0x0800155c   0x0800155c   0x0000000a   Code   RO         2537    i.HAL_GPIO_ReadPin  stm32f1xx_hal_gpio.o
    0x08001566   0x08001566   0x0000000a   Code   RO         2539    i.HAL_GPIO_WritePin  stm32f1xx_hal_gpio.o
    0x08001570   0x08001570   0x0000000c   Code   RO         2229    i.HAL_GetTick       stm32f1xx_hal.o
    0x0800157c   0x0800157c   0x00000188   Code   RO          783    i.HAL_I2C_Init      stm32f1xx_hal_i2c.o
    0x08001704   0x08001704   0x0000012c   Code   RO          796    i.HAL_I2C_Master_Transmit  stm32f1xx_hal_i2c.o
    0x08001830   0x08001830   0x00000130   Code   RO          804    i.HAL_I2C_Mem_Write  stm32f1xx_hal_i2c.o
    0x08001960   0x08001960   0x0000005c   Code   RO         4365    i.HAL_I2C_MspInit   i2c.o
    0x080019bc   0x080019bc   0x00000010   Code   RO         2235    i.HAL_IncTick       stm32f1xx_hal.o
    0x080019cc   0x080019cc   0x00000024   Code   RO         2236    i.HAL_Init          stm32f1xx_hal.o
    0x080019f0   0x080019f0   0x00000098   Code   RO          370    i.HAL_InitTick      stm32f1xx_hal_timebase_tim.o
    0x08001a88   0x08001a88   0x0000003c   Code   RO          346    i.HAL_MspInit       stm32f1xx_hal_msp.o
    0x08001ac4   0x08001ac4   0x0000001a   Code   RO         2695    i.HAL_NVIC_EnableIRQ  stm32f1xx_hal_cortex.o
    0x08001ade   0x08001ade   0x00000002   PAD
    0x08001ae0   0x08001ae0   0x00000040   Code   RO         2701    i.HAL_NVIC_SetPriority  stm32f1xx_hal_cortex.o
    0x08001b20   0x08001b20   0x00000024   Code   RO         2702    i.HAL_NVIC_SetPriorityGrouping  stm32f1xx_hal_cortex.o
    0x08001b44   0x08001b44   0x000000a4   Code   RO         2496    i.HAL_RCCEx_GetPeriphCLKFreq  stm32f1xx_hal_rcc_ex.o
    0x08001be8   0x08001be8   0x0000012c   Code   RO         2393    i.HAL_RCC_ClockConfig  stm32f1xx_hal_rcc.o
    0x08001d14   0x08001d14   0x00000040   Code   RO         2397    i.HAL_RCC_GetClockConfig  stm32f1xx_hal_rcc.o
    0x08001d54   0x08001d54   0x00000020   Code   RO         2400    i.HAL_RCC_GetPCLK1Freq  stm32f1xx_hal_rcc.o
    0x08001d74   0x08001d74   0x00000020   Code   RO         2401    i.HAL_RCC_GetPCLK2Freq  stm32f1xx_hal_rcc.o
    0x08001d94   0x08001d94   0x0000004c   Code   RO         2402    i.HAL_RCC_GetSysClockFreq  stm32f1xx_hal_rcc.o
    0x08001de0   0x08001de0   0x00000320   Code   RO         2405    i.HAL_RCC_OscConfig  stm32f1xx_hal_rcc.o
    0x08002100   0x08002100   0x00000002   Code   RO         1951    i.HAL_TIMEx_BreakCallback  stm32f1xx_hal_tim_ex.o
    0x08002102   0x08002102   0x00000002   Code   RO         1952    i.HAL_TIMEx_CommutCallback  stm32f1xx_hal_tim_ex.o
    0x08002104   0x08002104   0x00000054   Code   RO         1954    i.HAL_TIMEx_ConfigBreakDeadTime  stm32f1xx_hal_tim_ex.o
    0x08002158   0x08002158   0x00000068   Code   RO         1970    i.HAL_TIMEx_MasterConfigSynchronization  stm32f1xx_hal_tim_ex.o
    0x080021c0   0x080021c0   0x0000005a   Code   RO         1247    i.HAL_TIM_Base_Init  stm32f1xx_hal_tim.o
    0x0800221a   0x0800221a   0x00000002   Code   RO         1249    i.HAL_TIM_Base_MspInit  stm32f1xx_hal_tim.o
    0x0800221c   0x0800221c   0x00000050   Code   RO         1250    i.HAL_TIM_Base_Start  stm32f1xx_hal_tim.o
    0x0800226c   0x0800226c   0x00000058   Code   RO         1252    i.HAL_TIM_Base_Start_IT  stm32f1xx_hal_tim.o
    0x080022c4   0x080022c4   0x00000002   Code   RO         1281    i.HAL_TIM_IC_CaptureCallback  stm32f1xx_hal_tim.o
    0x080022c6   0x080022c6   0x00000166   Code   RO         1295    i.HAL_TIM_IRQHandler  stm32f1xx_hal_tim.o
    0x0800242c   0x0800242c   0x0000004c   Code   RO          222    i.HAL_TIM_MspPostInit  tim.o
    0x08002478   0x08002478   0x00000002   Code   RO         1298    i.HAL_TIM_OC_DelayElapsedCallback  stm32f1xx_hal_tim.o
    0x0800247a   0x0800247a   0x000000cc   Code   RO         1319    i.HAL_TIM_PWM_ConfigChannel  stm32f1xx_hal_tim.o
    0x08002546   0x08002546   0x0000005a   Code   RO         1322    i.HAL_TIM_PWM_Init  stm32f1xx_hal_tim.o
    0x080025a0   0x080025a0   0x00000028   Code   RO          224    i.HAL_TIM_PWM_MspInit  tim.o
    0x080025c8   0x080025c8   0x00000002   Code   RO         1325    i.HAL_TIM_PWM_PulseFinishedCallback  stm32f1xx_hal_tim.o
    0x080025ca   0x080025ca   0x00000002   PAD
    0x080025cc   0x080025cc   0x0000009c   Code   RO         1327    i.HAL_TIM_PWM_Start  stm32f1xx_hal_tim.o
    0x08002668   0x08002668   0x00000070   Code   RO         1330    i.HAL_TIM_PWM_Stop  stm32f1xx_hal_tim.o
    0x080026d8   0x080026d8   0x00000002   Code   RO         1333    i.HAL_TIM_PeriodElapsedCallback  stm32f1xx_hal_tim.o
    0x080026da   0x080026da   0x00000002   Code   RO         1338    i.HAL_TIM_TriggerCallback  stm32f1xx_hal_tim.o
    0x080026dc   0x080026dc   0x00000064   Code   RO          439    i.HAL_UART_Init     stm32f1xx_hal_uart.o
    0x08002740   0x08002740   0x00000002   Code   RO          441    i.HAL_UART_MspInit  stm32f1xx_hal_uart.o
    0x08002742   0x08002742   0x00000002   Code   RO          272    i.HardFault_Handler  stm32f1xx_it.o
    0x08002744   0x08002744   0x0000002e   Code   RO          826    i.I2C_IsAcknowledgeFailed  stm32f1xx_hal_i2c.o
    0x08002772   0x08002772   0x00000002   PAD
    0x08002774   0x08002774   0x0000009c   Code   RO          830    i.I2C_MasterRequestWrite  stm32f1xx_hal_i2c.o
    0x08002810   0x08002810   0x000000a8   Code   RO          837    i.I2C_RequestMemoryWrite  stm32f1xx_hal_i2c.o
    0x080028b8   0x080028b8   0x00000056   Code   RO          841    i.I2C_WaitOnBTFFlagUntilTimeout  stm32f1xx_hal_i2c.o
    0x0800290e   0x0800290e   0x00000002   PAD
    0x08002910   0x08002910   0x00000090   Code   RO          842    i.I2C_WaitOnFlagUntilTimeout  stm32f1xx_hal_i2c.o
    0x080029a0   0x080029a0   0x000000bc   Code   RO          843    i.I2C_WaitOnMasterAddressFlagUntilTimeout  stm32f1xx_hal_i2c.o
    0x08002a5c   0x08002a5c   0x00000056   Code   RO          845    i.I2C_WaitOnTXEFlagUntilTimeout  stm32f1xx_hal_i2c.o
    0x08002ab2   0x08002ab2   0x00000002   PAD
    0x08002ab4   0x08002ab4   0x00000148   Code   RO         4049    i.InitHardUart      bsp_uart_fifo.o
    0x08002bfc   0x08002bfc   0x00000020   Code   RO         4560    i.Key_Init          driver_key.o
    0x08002c1c   0x08002c1c   0x00000004   Code   RO         4171    i.LCD_Clear         driver_lcd.o
    0x08002c20   0x08002c20   0x00000004   Code   RO         4173    i.LCD_Init          driver_lcd.o
    0x08002c24   0x08002c24   0x00000004   Code   RO         4174    i.LCD_PrintChinese  driver_lcd.o
    0x08002c28   0x08002c28   0x00000004   Code   RO         4176    i.LCD_PrintSignedVal  driver_lcd.o
    0x08002c2c   0x08002c2c   0x00000004   Code   RO         4177    i.LCD_PrintString   driver_lcd.o
    0x08002c30   0x08002c30   0x00000004   Code   RO         4178    i.LCD_PutChar       driver_lcd.o
    0x08002c34   0x08002c34   0x00000020   Code   RO         3841    i.Led_Control       driver_led.o
    0x08002c54   0x08002c54   0x00000050   Code   RO         3842    i.Led_Init          driver_led.o
    0x08002ca4   0x08002ca4   0x0000000c   Code   RO         5041    i.LightSensor_Init  driver_light_sensor.o
    0x08002cb0   0x08002cb0   0x00000050   Code   RO         5042    i.LightSensor_Read  driver_light_sensor.o
    0x08002d00   0x08002d00   0x00000050   Code   RO         5001    i.MX_ADC1_Init      adc.o
    0x08002d50   0x08002d50   0x00000048   Code   RO          198    i.MX_GPIO_Init      gpio.o
    0x08002d98   0x08002d98   0x00000040   Code   RO         4366    i.MX_I2C1_Init      i2c.o
    0x08002dd8   0x08002dd8   0x000000a8   Code   RO          225    i.MX_TIM1_Init      tim.o
    0x08002e80   0x08002e80   0x00000002   Code   RO          273    i.MemManage_Handler  stm32f1xx_it.o
    0x08002e82   0x08002e82   0x00000002   Code   RO          274    i.NMI_Handler       stm32f1xx_it.o
    0x08002e84   0x08002e84   0x0000002a   Code   RO         4261    i.OLED_Clear        driver_oled.o
    0x08002eae   0x08002eae   0x00000002   PAD
    0x08002eb0   0x08002eb0   0x00000094   Code   RO         4263    i.OLED_Init         driver_oled.o
    0x08002f44   0x08002f44   0x00000054   Code   RO         4264    i.OLED_PrintChinese  driver_oled.o
    0x08002f98   0x08002f98   0x0000007e   Code   RO         4266    i.OLED_PrintSignedVal  driver_oled.o
    0x08003016   0x08003016   0x00000032   Code   RO         4267    i.OLED_PrintString  driver_oled.o
    0x08003048   0x08003048   0x00000048   Code   RO         4268    i.OLED_PutChar      driver_oled.o
    0x08003090   0x08003090   0x0000002c   Code   RO         4269    i.OLED_SetComConfig  driver_oled.o
    0x080030bc   0x080030bc   0x00000040   Code   RO         4270    i.OLED_SetPosition  driver_oled.o
    0x080030fc   0x080030fc   0x00000028   Code   RO         4272    i.OLED_WriteCmd     driver_oled.o
    0x08003124   0x08003124   0x00000020   Code   RO         4273    i.OLED_WriteNBytes  driver_oled.o
    0x08003144   0x08003144   0x00000018   Code   RO         4406    i.PassiveBuzzer_Control  driver_passive_buzzer.o
    0x0800315c   0x0800315c   0x00000002   Code   RO          275    i.PendSV_Handler    stm32f1xx_it.o
    0x0800315e   0x0800315e   0x00000002   Code   RO          276    i.SVC_Handler       stm32f1xx_it.o
    0x08003160   0x08003160   0x0000001c   Code   RO         3933    i.SysTick_Handler   bsp_timer.o
    0x0800317c   0x0800317c   0x00000078   Code   RO         3934    i.SysTick_ISR       bsp_timer.o
    0x080031f4   0x080031f4   0x0000005e   Code   RO         3878    i.SystemClock_Config  bsp.o
    0x08003252   0x08003252   0x00000002   Code   RO         3472    i.SystemInit        system_stm32f1xx.o
    0x08003254   0x08003254   0x00000094   Code   RO         3935    i.TIM2_IRQHandler   bsp_timer.o
    0x080032e8   0x080032e8   0x0000000c   Code   RO          277    i.TIM4_IRQHandler   stm32f1xx_it.o
    0x080032f4   0x080032f4   0x0000006c   Code   RO         1340    i.TIM_Base_SetConfig  stm32f1xx_hal_tim.o
    0x08003360   0x08003360   0x0000001a   Code   RO         1341    i.TIM_CCxChannelCmd  stm32f1xx_hal_tim.o
    0x0800337a   0x0800337a   0x00000002   PAD
    0x0800337c   0x0800337c   0x00000050   Code   RO         1353    i.TIM_OC1_SetConfig  stm32f1xx_hal_tim.o
    0x080033cc   0x080033cc   0x00000058   Code   RO         1354    i.TIM_OC2_SetConfig  stm32f1xx_hal_tim.o
    0x08003424   0x08003424   0x00000058   Code   RO         1355    i.TIM_OC3_SetConfig  stm32f1xx_hal_tim.o
    0x0800347c   0x0800347c   0x00000044   Code   RO         1356    i.TIM_OC4_SetConfig  stm32f1xx_hal_tim.o
    0x080034c0   0x080034c0   0x000000b8   Code   RO          465    i.UART_SetConfig    stm32f1xx_hal_uart.o
    0x08003578   0x08003578   0x0000000c   Code   RO         4050    i.USART1_IRQHandler  bsp_uart_fifo.o
    0x08003584   0x08003584   0x0000000c   Code   RO         4051    i.USART2_IRQHandler  bsp_uart_fifo.o
    0x08003590   0x08003590   0x000000d0   Code   RO         4052    i.UartIRQ           bsp_uart_fifo.o
    0x08003660   0x08003660   0x0000007c   Code   RO         4053    i.UartSend          bsp_uart_fifo.o
    0x080036dc   0x080036dc   0x00000078   Code   RO         4055    i.UartVarInit       bsp_uart_fifo.o
    0x08003754   0x08003754   0x00000002   Code   RO          278    i.UsageFault_Handler  stm32f1xx_it.o
    0x08003756   0x08003756   0x00000002   PAD
    0x08003758   0x08003758   0x00000020   Code   RO         5352    i.__0printf         mc_w.l(printfa.o)
    0x08003778   0x08003778   0x00000028   Code   RO         5354    i.__0sprintf        mc_w.l(printfa.o)
    0x080037a0   0x080037a0   0x00000028   Code   RO         5444    i.__ARM_fpclassify  m_ws.l(fpclassify.o)
    0x080037c8   0x080037c8   0x00000020   Code   RO         2708    i.__NVIC_SetPriority  stm32f1xx_hal_cortex.o
    0x080037e8   0x080037e8   0x000000aa   Code   RO         5446    i.__kernel_poly     m_ws.l(poly.o)
    0x08003892   0x08003892   0x00000002   PAD
    0x08003894   0x08003894   0x00000010   Code   RO         5430    i.__mathlib_dbl_divzero  m_ws.l(dunder.o)
    0x080038a4   0x080038a4   0x00000004   Code   RO         5432    i.__mathlib_dbl_infnan2  m_ws.l(dunder.o)
    0x080038a8   0x080038a8   0x0000000c   Code   RO         5433    i.__mathlib_dbl_invalid  m_ws.l(dunder.o)
    0x080038b4   0x080038b4   0x0000000e   Code   RO         5434    i.__mathlib_dbl_overflow  m_ws.l(dunder.o)
    0x080038c2   0x080038c2   0x00000002   PAD
    0x080038c4   0x080038c4   0x00000010   Code   RO         5436    i.__mathlib_dbl_underflow  m_ws.l(dunder.o)
    0x080038d4   0x080038d4   0x0000000e   Code   RO         5506    i.__scatterload_copy  mc_w.l(handlers.o)
    0x080038e2   0x080038e2   0x00000002   Code   RO         5507    i.__scatterload_null  mc_w.l(handlers.o)
    0x080038e4   0x080038e4   0x0000000e   Code   RO         5508    i.__scatterload_zeroinit  mc_w.l(handlers.o)
    0x080038f2   0x080038f2   0x00000002   PAD
    0x080038f4   0x080038f4   0x0000000c   Code   RO         5486    i.__set_errno       mc_w.l(errno.o)
    0x08003900   0x08003900   0x00000184   Code   RO         5359    i._fp_digits        mc_w.l(printfa.o)
    0x08003a84   0x08003a84   0x000006b4   Code   RO         5360    i._printf_core      mc_w.l(printfa.o)
    0x08004138   0x08004138   0x00000024   Code   RO         5361    i._printf_post_padding  mc_w.l(printfa.o)
    0x0800415c   0x0800415c   0x0000002e   Code   RO         5362    i._printf_pre_padding  mc_w.l(printfa.o)
    0x0800418a   0x0800418a   0x0000000a   Code   RO         5364    i._sputc            mc_w.l(printfa.o)
    0x08004194   0x08004194   0x00000024   Code   RO         3937    i.bsp_CheckTimer    bsp_timer.o
    0x080041b8   0x080041b8   0x00000030   Code   RO         3938    i.bsp_DelayMS       bsp_timer.o
    0x080041e8   0x080041e8   0x00000040   Code   RO         3939    i.bsp_DelayUS       bsp_timer.o
    0x08004228   0x08004228   0x00000002   Code   RO         3879    i.bsp_Idle          bsp.o
    0x0800422a   0x0800422a   0x00000046   Code   RO         3880    i.bsp_Init          bsp.o
    0x08004270   0x08004270   0x0000000a   Code   RO         3535    i.bsp_InitESP8266   bsp_uart_esp8266.o
    0x0800427a   0x0800427a   0x00000002   PAD
    0x0800427c   0x0800427c   0x000004dc   Code   RO         3536    i.bsp_InitESP8266MQTT  bsp_uart_esp8266.o
    0x08004758   0x08004758   0x0000007c   Code   RO         3941    i.bsp_InitHardTimer  bsp_timer.o
    0x080047d4   0x080047d4   0x00000068   Code   RO         3942    i.bsp_InitTimer     bsp_timer.o
    0x0800483c   0x0800483c   0x0000000e   Code   RO         4056    i.bsp_InitUart      bsp_uart_fifo.o
    0x0800484a   0x0800484a   0x00000002   Code   RO         3881    i.bsp_RunPer10ms    bsp.o
    0x0800484c   0x0800484c   0x00000002   Code   RO         3882    i.bsp_RunPer1ms     bsp.o
    0x0800484e   0x0800484e   0x00000028   Code   RO         4057    i.bsp_SetUartParam  bsp_uart_fifo.o
    0x08004876   0x08004876   0x00000002   PAD
    0x08004878   0x08004878   0x00000080   Code   RO         3943    i.bsp_StartAutoTimer  bsp_timer.o
    0x080048f8   0x080048f8   0x0000006c   Code   RO         3944    i.bsp_StartHardTimer  bsp_timer.o
    0x08004964   0x08004964   0x0000007c   Code   RO         3945    i.bsp_StartTimer    bsp_timer.o
    0x080049e0   0x080049e0   0x00000048   Code   RO         4609    i.cJSON_Delete      cjson.o
    0x08004a28   0x08004a28   0x0000001c   Code   RO         4618    i.cJSON_GetObjectItem  cjson.o
    0x08004a44   0x08004a44   0x0000001c   Code   RO         4622    i.cJSON_New_Item    cjson.o
    0x08004a60   0x08004a60   0x00000008   Code   RO         4623    i.cJSON_Parse       cjson.o
    0x08004a68   0x08004a68   0x00000060   Code   RO         4624    i.cJSON_ParseWithOpts  cjson.o
    0x08004ac8   0x08004ac8   0x00000042   Code   RO         4630    i.cJSON_strcasecmp  cjson.o
    0x08004b0a   0x08004b0a   0x0000004e   Code   RO         4060    i.comGetChar        bsp_uart_fifo.o
    0x08004b58   0x08004b58   0x00000024   Code   RO         4061    i.comSendBuf        bsp_uart_fifo.o
    0x08004b7c   0x08004b7c   0x0000000c   Code   RO         4062    i.comSendChar       bsp_uart_fifo.o
    0x08004b88   0x08004b88   0x00000018   Code   RO         4063    i.comSetBaud        bsp_uart_fifo.o
    0x08004ba0   0x08004ba0   0x00000010   Code   RO         4065    i.fputc             bsp_uart_fifo.o
    0x08004bb0   0x08004bb0   0x00000050   Code   RO         5380    i.free              mc_w.l(malloc.o)
    0x08004c00   0x08004c00   0x00000118   Code   RO           13    i.main              main.o
    0x08004d18   0x08004d18   0x0000006c   Code   RO         5381    i.malloc            mc_w.l(malloc.o)
    0x08004d84   0x08004d84   0x00000022   Code   RO         3537    i.my_strnchr        bsp_uart_esp8266.o
    0x08004da6   0x08004da6   0x00000002   PAD
    0x08004da8   0x08004da8   0x00000078   Code   RO         4634    i.parse_array       cjson.o
    0x08004e20   0x08004e20   0x000000a6   Code   RO         4635    i.parse_hex4        cjson.o
    0x08004ec6   0x08004ec6   0x00000002   PAD
    0x08004ec8   0x08004ec8   0x00000158   Code   RO         4636    i.parse_number      cjson.o
    0x08005020   0x08005020   0x000000b8   Code   RO         4637    i.parse_object      cjson.o
    0x080050d8   0x080050d8   0x00000180   Code   RO         4638    i.parse_string      cjson.o
    0x08005258   0x08005258   0x000000b4   Code   RO         4639    i.parse_value       cjson.o
    0x0800530c   0x0800530c   0x000009d8   Code   RO         5085    i.pow               m_ws.l(pow.o)
    0x08005ce4   0x08005ce4   0x00000014   Code   RO         4646    i.skip              cjson.o
    0x08005cf8   0x08005cf8   0x0000004c   Code   RO         5450    i.sqrt              m_ws.l(sqrt.o)
    0x08005d44   0x08005d44   0x00000012   Data   RO         2406    .constdata          stm32f1xx_hal_rcc.o
    0x08005d56   0x08005d56   0x00000012   Data   RO         2498    .constdata          stm32f1xx_hal_rcc_ex.o
    0x08005d68   0x08005d68   0x00000010   Data   RO         3473    .constdata          system_stm32f1xx.o
    0x08005d78   0x08005d78   0x00000008   Data   RO         3474    .constdata          system_stm32f1xx.o
    0x08005d80   0x08005d80   0x00000030   Data   RO         3948    .constdata          bsp_timer.o
    0x08005db0   0x08005db0   0x00000800   Data   RO         4274    .constdata          driver_oled.o
    0x080065b0   0x080065b0   0x00000007   Data   RO         4648    .constdata          cjson.o
    0x080065b7   0x080065b7   0x00000001   PAD
    0x080065b8   0x080065b8   0x00000088   Data   RO         5086    .constdata          m_ws.l(pow.o)
    0x08006640   0x08006640   0x00000008   Data   RO         5448    .constdata          m_ws.l(qnan.o)
    0x08006648   0x08006648   0x00000042   Data   RO           15    .conststring        main.o
    0x0800668a   0x0800668a   0x00000002   PAD
    0x0800668c   0x0800668c   0x00000020   Data   RO         5504    Region$$Table       anon$$obj.o


    Execution Region RW_IRAM1 (Exec base: 0x20000000, Load base: 0x080066ac, Size: 0x00003f70, Max: 0x00005000, ABSOLUTE, COMPRESSED[0x000001e0])

    Exec Addr    Load Addr    Size         Type   Attr      Idx    E Section Name        Object

    0x20000000   COMPRESSED   0x0000000c   Data   RW           16    .data               main.o
    0x2000000c   COMPRESSED   0x0000000c   Data   RW         2243    .data               stm32f1xx_hal.o
    0x20000018   COMPRESSED   0x00000004   Data   RW         3475    .data               system_stm32f1xx.o
    0x2000001c   COMPRESSED   0x00000011   Data   RW         3540    .data               bsp_uart_esp8266.o
    0x2000002d   COMPRESSED   0x0000000b   Data   RW         3541    .data               bsp_uart_esp8266.o
    0x20000038   COMPRESSED   0x0000001c   Data   RW         3949    .data               bsp_timer.o
    0x20000054   COMPRESSED   0x000000a0   Data   RW         4235    .data               driver_lcd_chinese.o
    0x200000f4   COMPRESSED   0x000000e0   Data   RW         4236    .data               driver_lcd_chinese.o
    0x200001d4   COMPRESSED   0x00000100   Data   RW         4237    .data               driver_lcd_chinese.o
    0x200002d4   COMPRESSED   0x00000100   Data   RW         4238    .data               driver_lcd_chinese.o
    0x200003d4   COMPRESSED   0x00000008   Data   RW         4275    .data               driver_oled.o
    0x200003dc   COMPRESSED   0x00000004   Data   RW         4410    .data               driver_passive_buzzer.o
    0x200003e0   COMPRESSED   0x0000000c   Data   RW         4649    .data               cjson.o
    0x200003ec   COMPRESSED   0x00000004   Data   RW         5044    .data               driver_light_sensor.o
    0x200003f0   COMPRESSED   0x00000004   Data   RW         5473    .data               mc_w.l(stdout.o)
    0x200003f4   COMPRESSED   0x00000004   Data   RW         5482    .data               mc_w.l(mvars.o)
    0x200003f8   COMPRESSED   0x00000004   Data   RW         5483    .data               mc_w.l(mvars.o)
    0x200003fc   COMPRESSED   0x00000004   Data   RW         5487    .data               mc_w.l(errno.o)
    0x20000400        -       0x00000064   Zero   RW           14    .bss                main.o
    0x20000464        -       0x00000048   Zero   RW          226    .bss                tim.o
    0x200004ac        -       0x00000048   Zero   RW          373    .bss                stm32f1xx_hal_timebase_tim.o
    0x200004f4        -       0x00000969   Zero   RW         3538    .bss                bsp_uart_esp8266.o
    0x20000e5d   COMPRESSED   0x00000003   PAD
    0x20000e60        -       0x00000030   Zero   RW         3947    .bss                bsp_timer.o
    0x20000e90        -       0x00002058   Zero   RW         4066    .bss                bsp_uart_fifo.o
    0x20002ee8        -       0x00000054   Zero   RW         4367    .bss                i2c.o
    0x20002f3c        -       0x00000030   Zero   RW         5002    .bss                adc.o
    0x20002f6c   COMPRESSED   0x00000004   PAD
    0x20002f70        -       0x00000c00   Zero   RW            2    HEAP                startup_stm32f103xb.o
    0x20003b70        -       0x00000400   Zero   RW            1    STACK               startup_stm32f103xb.o


==============================================================================

Image component sizes


      Code (inc. data)   RO Data    RW Data    ZI Data      Debug   Object Name

       168         22          0          0         48       1753   adc.o
       174          0          0          0          0       3135   bsp.o
      1032        218         48         28         48      38278   bsp_timer.o
      1796        814          0         28       2409     371290   bsp_uart_esp8266.o
      1084         70          0          0       8280      11391   bsp_uart_fifo.o
      1696         74          7         12          0      12994   cjson.o
       408        106          0          0          0       4202   driver_dht11.o
        32          6          0          0          0        928   driver_key.o
        24          0          0          0          0       3179   driver_lcd.o
         0          0          0        896          0       1469   driver_lcd_chinese.o
       112         14          0          0          0       1525   driver_led.o
        92         18          0          4          0       1682   driver_light_sensor.o
       702         30       2048          8          0      10047   driver_oled.o
        24          4          0          4          0       1136   driver_passive_buzzer.o
        72          8          0          0          0        895   gpio.o
       156         26          0          0         84       1741   i2c.o
       280         98         66         12        100     459451   main.o
        36          8        236          0       4096        808   startup_stm32f103xb.o
        64         14          0         12          0       4718   stm32f1xx_hal.o
      1260         54          0          0          0       6628   stm32f1xx_hal_adc.o
       216          6          0          0          0       1462   stm32f1xx_hal_adc_ex.o
       158         14          0          0          0      28250   stm32f1xx_hal_cortex.o
       500         34          0          0          0       3567   stm32f1xx_hal_gpio.o
      1870         48          0          0          0      11513   stm32f1xx_hal_i2c.o
        60          8          0          0          0        902   stm32f1xx_hal_msp.o
      1304         94         18          0          0       5825   stm32f1xx_hal_rcc.o
       164         16         18          0          0       1509   stm32f1xx_hal_rcc_ex.o
      1648         76          0          0          0      14995   stm32f1xx_hal_tim.o
       192         12          0          0          0       3253   stm32f1xx_hal_tim_ex.o
       152         20          0          0         72       1515   stm32f1xx_hal_timebase_tim.o
       286          6          0          0          0       2487   stm32f1xx_hal_uart.o
        28          6          0          0          0       3986   stm32f1xx_it.o
         2          0         24          4          0       1155   system_stm32f1xx.o
       284         32          0          0         72       2355   tim.o

    ----------------------------------------------------------------------
     16108       1956       2500       1008      15216    1020024   Object Totals
         0          0         32          0          0          0   (incl. Generated)
        32          0          3          0          7          0   (incl. Padding)

    ----------------------------------------------------------------------

      Code (inc. data)   RO Data    RW Data    ZI Data      Debug   Library Member Name

        62         10          0          0          0        340   dunder.o
        40          0          0          0          0         68   fpclassify.o
       170          0          0          0          0         96   poly.o
      2520        190        136          0          0        324   pow.o
         0          0          8          0          0          0   qnan.o
        76          0          0          0          0         84   sqrt.o
        94          0          0          0          0          0   __dclz77c.o
         0          0          0          0          0          0   entry.o
         0          0          0          0          0          0   entry10a.o
         0          0          0          0          0          0   entry11a.o
         4          0          0          0          0          0   entry12b.o
         8          4          0          0          0          0   entry2.o
         4          0          0          0          0          0   entry5.o
         0          0          0          0          0          0   entry7b.o
         0          0          0          0          0          0   entry8b.o
         8          4          0          0          0          0   entry9a.o
        12          6          0          4          0         68   errno.o
        30          0          0          0          0          0   handlers.o
        36          8          0          0          0         68   init.o
         0          0          0          0          0          0   iusefp.o
        30          0          0          0          0         68   llshl.o
        36          0          0          0          0         68   llsshr.o
        32          0          0          0          0         68   llushr.o
       188         20          0          0          0        160   malloc.o
        36          0          0          0          0        108   memseta.o
         0          0          0          8          0          0   mvars.o
      2268         96          0          0          0        616   printfa.o
         0          0          0          4          0          0   stdout.o
        20          0          0          0          0         68   strchr.o
        14          0          0          0          0         68   strlen.o
        30          0          0          0          0         80   strncmp.o
        12          0          0          0          0         68   tolower.o
        44          0          0          0          0         80   uidiv.o
        98          0          0          0          0         92   uldiv.o
        48          0          0          0          0         68   cdrcmple.o
        56          0          0          0          0         88   d2f.o
       334          0          0          0          0        148   dadd.o
       222          0          0          0          0        100   ddiv.o
       186          0          0          0          0        176   depilogue.o
        62          0          0          0          0         80   dfixi.o
        48          0          0          0          0         68   dfixul.o
        34          0          0          0          0         76   dflti.o
        26          0          0          0          0         76   dfltui.o
       228          0          0          0          0         96   dmul.o
        46          0          0          0          0         80   dscalb.o
       162          0          0          0          0        100   dsqrt.o
        38          0          0          0          0         68   f2d.o
       110          0          0          0          0        168   fepilogue.o
        50          0          0          0          0         68   ffixi.o

    ----------------------------------------------------------------------
      7532        338        144         16          0       4052   Library Totals
        10          0          0          0          0          0   (incl. Padding)

    ----------------------------------------------------------------------

      Code (inc. data)   RO Data    RW Data    ZI Data      Debug   Library Name

      2868        200        144          0          0        912   m_ws.l
      3004        138          0         16          0       1680   mc_w.l
      1650          0          0          0          0       1460   mf_w.l

    ----------------------------------------------------------------------
      7532        338        144         16          0       4052   Library Totals

    ----------------------------------------------------------------------

==============================================================================


      Code (inc. data)   RO Data    RW Data    ZI Data      Debug   

     23640       2294       2644       1024      15216    1013700   Grand Totals
     23640       2294       2644        480      15216    1013700   ELF Image Totals (compressed)
     23640       2294       2644        480          0          0   ROM Totals

==============================================================================

    Total RO  Size (Code + RO Data)                26284 (  25.67kB)
    Total RW  Size (RW Data + ZI Data)             16240 (  15.86kB)
    Total ROM Size (Code + RO Data + RW Data)      26764 (  26.14kB)

==============================================================================

